Archive member included to satisfy reference by file (symbol)

app/libapp.a(main.c.obj)      (--whole-archive)
app/libapp.a(flash_map_extended.c.obj)
                              (--whole-archive)
app/libapp.a(os.c.obj)        (--whole-archive)
app/libapp.a(keys.c.obj)      (--whole-archive)
app/libapp.a(boot_serial_extensions.c.obj)
                              (--whole-archive)
app/libapp.a(image_validate.c.obj)
                              (--whole-archive)
app/libapp.a(tlv.c.obj)       (--whole-archive)
app/libapp.a(encrypted.c.obj)
                              (--whole-archive)
app/libapp.a(image_rsa.c.obj)
                              (--whole-archive)
app/libapp.a(image_ec256.c.obj)
                              (--whole-archive)
app/libapp.a(image_ed25519.c.obj)
                              (--whole-archive)
app/libapp.a(bootutil_misc.c.obj)
                              (--whole-archive)
app/libapp.a(fault_injection_hardening.c.obj)
                              (--whole-archive)
app/libapp.a(loader.c.obj)    (--whole-archive)
app/libapp.a(swap_misc.c.obj)
                              (--whole-archive)
app/libapp.a(swap_scratch.c.obj)
                              (--whole-archive)
app/libapp.a(swap_move.c.obj)
                              (--whole-archive)
app/libapp.a(caps.c.obj)      (--whole-archive)
app/libapp.a(autogen-pubkey.c.obj)
                              (--whole-archive)
app/libapp.a(nrf_cleanup.c.obj)
                              (--whole-archive)
zephyr/libzephyr.a(base64.c.obj)
                              (--whole-archive)
zephyr/libzephyr.a(cbprintf_packaged.c.obj)
                              (--whole-archive)
zephyr/libzephyr.a(crc32c_sw.c.obj)
                              (--whole-archive)
zephyr/libzephyr.a(crc32_sw.c.obj)
                              (--whole-archive)
zephyr/libzephyr.a(crc16_sw.c.obj)
                              (--whole-archive)
zephyr/libzephyr.a(crc8_sw.c.obj)
                              (--whole-archive)
zephyr/libzephyr.a(crc7_sw.c.obj)
                              (--whole-archive)
zephyr/libzephyr.a(dec.c.obj)
                              (--whole-archive)
zephyr/libzephyr.a(fdtable.c.obj)
                              (--whole-archive)
zephyr/libzephyr.a(hex.c.obj)
                              (--whole-archive)
zephyr/libzephyr.a(notify.c.obj)
                              (--whole-archive)
zephyr/libzephyr.a(printk.c.obj)
                              (--whole-archive)
zephyr/libzephyr.a(onoff.c.obj)
                              (--whole-archive)
zephyr/libzephyr.a(rb.c.obj)  (--whole-archive)
zephyr/libzephyr.a(sem.c.obj)
                              (--whole-archive)
zephyr/libzephyr.a(thread_entry.c.obj)
                              (--whole-archive)
zephyr/libzephyr.a(timeutil.c.obj)
                              (--whole-archive)
zephyr/libzephyr.a(heap.c.obj)
                              (--whole-archive)
zephyr/libzephyr.a(heap-validate.c.obj)
                              (--whole-archive)
zephyr/libzephyr.a(bitarray.c.obj)
                              (--whole-archive)
zephyr/libzephyr.a(multi_heap.c.obj)
                              (--whole-archive)
zephyr/libzephyr.a(cbprintf_nano.c.obj)
                              (--whole-archive)
zephyr/libzephyr.a(cbprintf.c.obj)
                              (--whole-archive)
zephyr/libzephyr.a(ring_buffer.c.obj)
                              (--whole-archive)
zephyr/libzephyr.a(assert.c.obj)
                              (--whole-archive)
zephyr/libzephyr.a(reboot.c.obj)
                              (--whole-archive)
zephyr/libzephyr.a(configs.c.obj)
                              (--whole-archive)
zephyr/libzephyr.a(soc.c.obj)
                              (--whole-archive)
zephyr/libzephyr.a(soc_nrf_common.S.obj)
                              (--whole-archive)
zephyr/libzephyr.a(validate_base_addresses.c.obj)
                              (--whole-archive)
zephyr/libzephyr.a(validate_enabled_instances.c.obj)
                              (--whole-archive)
zephyr/libzephyr.a(usb_device.c.obj)
                              (--whole-archive)
zephyr/libzephyr.a(usb_descriptor.c.obj)
                              (--whole-archive)
zephyr/libzephyr.a(usb_transfer.c.obj)
                              (--whole-archive)
zephyr/libzephyr.a(cdc_acm.c.obj)
                              (--whole-archive)
zephyr/libzephyr.a(usb_work_q.c.obj)
                              (--whole-archive)
zephyr/libzephyr.a(flash_map.c.obj)
                              (--whole-archive)
zephyr/libzephyr.a(flash_map_layout.c.obj)
                              (--whole-archive)
zephyr/libzephyr.a(tracing_none.c.obj)
                              (--whole-archive)
zephyr/libzephyr.a(flash_map_partition_manager.c.obj)
                              (--whole-archive)
zephyr/libzephyr.a(nrf_cc3xx_platform_abort_zephyr.c.obj)
                              (--whole-archive)
[...]
Memory Configuration

Name             Origin             Length             Attributes
FLASH            0x0000000000000000 0x0000000000010000 xr
SRAM             0x0000000020002000 0x000000000006e000 xw
IDT_LIST         0x00000000fffff7ff 0x0000000000000800 xw
*default*        0x0000000000000000 0xffffffffffffffff

Linker script and memory map

LOAD zephyr/CMakeFiles/zephyr_final.dir/misc/empty_file.c.obj
LOAD zephyr/CMakeFiles/zephyr_final.dir/dev_handles.c.obj
LOAD zephyr/CMakeFiles/zephyr_final.dir/isr_tables.c.obj
                0x0000000000000020                _region_min_align = 0x20

.rel.plt        0x0000000000000000        0x0
 *(SORT_BY_ALIGNMENT(.rel.plt))
                [!provide]                        PROVIDE (__rel_iplt_start = .)
 *(SORT_BY_ALIGNMENT(.rel.iplt))
 .rel.iplt      0x0000000000000000        0x0 zephyr/CMakeFiles/zephyr_final.dir/isr_tables.c.obj
                [!provide]                        PROVIDE (__rel_iplt_end = .)

.rela.plt       0x0000000000000000        0x0
 *(SORT_BY_ALIGNMENT(.rela.plt))
                [!provide]                        PROVIDE (__rela_iplt_start = .)
 *(SORT_BY_ALIGNMENT(.rela.iplt))
                [!provide]                        PROVIDE (__rela_iplt_end = .)

.rel.dyn
 *(SORT_BY_ALIGNMENT(.rel.*))

.rela.dyn
 *(SORT_BY_ALIGNMENT(.rela.*))

/DISCARD/
 *(SORT_BY_ALIGNMENT(.plt))
 *(SORT_BY_ALIGNMENT(.iplt))
 *(SORT_BY_ALIGNMENT(.got.plt))
 *(SORT_BY_ALIGNMENT(.igot.plt))
 *(SORT_BY_ALIGNMENT(.got))
 *(SORT_BY_ALIGNMENT(.igot))
 *(SORT_BY_ALIGNMENT(.irq_info*))
 *(SORT_BY_ALIGNMENT(.intList*))
 *(SORT_BY_ALIGNMENT(.note.GNU-stack))
                0x0000000000000000                __rom_region_start = 0x0

rom_start       0x0000000000000000      0x154
                0x0000000000000000                . = 0x0
                0x0000000000000000                . = ALIGN (0x4)
                0x0000000000000000                . = ALIGN (0x80)
                0x0000000000000000                . = ALIGN (0x200)
                0x0000000000000000                _vector_start = .
 *(SORT_BY_ALIGNMENT(.exc_vector_table))
 *(SORT_BY_ALIGNMENT(.exc_vector_table.*))
 .exc_vector_table._vector_table_section
                0x0000000000000000       0x40 zephyr/arch/arch/arm/core/aarch32/cortex_m/libarch__arm__core__aarch32__cortex_m.a(vector_table.S.obj)
                0x0000000000000000                _vector_table
 *(SORT_BY_ALIGNMENT(.vectors))
                0x0000000000000154                _vector_end = .
                0x0000000000000040                . = ALIGN (0x4)
 *(SORT_BY_ALIGNMENT(.gnu.linkonce.irq_vector_table*))
 .gnu.linkonce.irq_vector_table
                0x0000000000000040      0x114 zephyr/CMakeFiles/zephyr_final.dir/isr_tables.c.obj
                0x0000000000000040                _irq_vector_table
                0x0000000000000154                _vector_end = .

text            0x0000000000000154     0xe102
                0x0000000000000154                __text_region_start = .
 *(SORT_BY_ALIGNMENT(.text))
 .text          0x0000000000000154       0x30 c:/users/elija/ncs/toolchains/v2.1.0/opt/zephyr-sdk/arm-zephyr-eabi/bin/../lib/gcc/arm-zephyr-eabi/10.3.0/thumb/v8-m.main/nofp\libgcc.a(_aeabi_uldivmod.o)
                0x0000000000000154                __aeabi_uldivmod
 .text          0x0000000000000184        0x4 c:/users/elija/ncs/toolchains/v2.1.0/opt/zephyr-sdk/arm-zephyr-eabi/bin/../lib/gcc/arm-zephyr-eabi/10.3.0/thumb/v8-m.main/nofp\libgcc.a(_dvmd_tls.o)
                0x0000000000000184                __aeabi_idiv0
                0x0000000000000184                __aeabi_ldiv0
 .text          0x0000000000000188      0x2a2 c:/users/elija/ncs/toolchains/v2.1.0/opt/zephyr-sdk/arm-zephyr-eabi/bin/../lib/gcc/arm-zephyr-eabi/10.3.0/thumb/v8-m.main/nofp\libgcc.a(_udivmoddi4.o)
                0x0000000000000188                __udivmoddi4
 *(SORT_BY_ALIGNMENT(.text.*))
 *fill*         0x000000000000042a        0x2 
 .text.main     0x000000000000042c      0x110 app/libapp.a(main.c.obj)
                0x000000000000042c                main
 .text.flash_area_id_from_direct_image
                0x000000000000053c       0x14 app/libapp.a(flash_map_extended.c.obj)
                0x000000000000053c                flash_area_id_from_direct_image
 .text.flash_area_sector_from_off
                0x0000000000000550       0x20 app/libapp.a(flash_map_extended.c.obj)
                0x0000000000000550                flash_area_sector_from_off
 .text.os_heap_init
                0x0000000000000570       0x10 app/libapp.a(os.c.obj)
                0x0000000000000570                os_heap_init
 .text.bs_peruser_system_specific
                0x0000000000000580       0x8c app/libapp.a(boot_serial_extensions.c.obj)
                0x0000000000000580                bs_peruser_system_specific
 .text.bootutil_img_validate
                0x000000000000060c      0x204 app/libapp.a(image_validate.c.obj)
                0x000000000000060c                bootutil_img_validate
 .text.bootutil_verify_sig
                0x0000000000000810      0x1c4 app/libapp.a(image_rsa.c.obj)
                0x0000000000000810                bootutil_verify_sig
 .text.boot_validate_slot.isra.0
                0x00000000000009d4      0x188 app/libapp.a(loader.c.obj)
 .text.boot_copy_region
                0x0000000000000b5c       0xac app/libapp.a(loader.c.obj)
                0x0000000000000b5c                boot_copy_region
 .text.context_boot_go
                0x0000000000000c08      0x63c app/libapp.a(loader.c.obj)
                0x0000000000000c08                context_boot_go
 .text.boot_go  0x0000000000001244       0x20 app/libapp.a(loader.c.obj)
                0x0000000000001244                boot_go
 .text.nrf_cleanup_peripheral
                0x0000000000001264       0x90 app/libapp.a(nrf_cleanup.c.obj)
                0x0000000000001264                nrf_cleanup_peripheral
 .text.base64_encode
                0x00000000000012f4      0x100 zephyr/libzephyr.a(base64.c.obj)
                0x00000000000012f4                base64_encode
 .text.base64_decode
                0x00000000000013f4      0x134 zephyr/libzephyr.a(base64.c.obj)
                0x00000000000013f4                base64_decode
 .text.process_event
                0x0000000000001528      0x1c0 zephyr/libzephyr.a(onoff.c.obj)
 .text.z_cbvprintf_impl
                0x00000000000016e8      0x45c zephyr/libzephyr.a(cbprintf_nano.c.obj)
                0x00000000000016e8                z_cbvprintf_impl
 .text.nrf_gpio_pin_control_select.constprop.0
                0x0000000000001b44       0x1c zephyr/libzephyr.a(soc.c.obj)
 .text.nordicsemi_nrf53_init
                0x0000000000001b60       0x50 zephyr/libzephyr.a(soc.c.obj)
 .text.arch_busy_wait
                0x0000000000001bb0       0x24 zephyr/libzephyr.a(soc.c.obj)
                0x0000000000001bb0                arch_busy_wait
 .text.z_arm_platform_init
                0x0000000000001bd4        0x4 zephyr/libzephyr.a(soc_nrf_common.S.obj)
                0x0000000000001bd4                z_arm_platform_init
 .text.class_handler
                0x0000000000001bd8       0x40 zephyr/libzephyr.a(usb_device.c.obj)
 .text.custom_handler
                0x0000000000001c18       0x60 zephyr/libzephyr.a(usb_device.c.obj)
 .text.vendor_handler
                0x0000000000001c78       0x3c zephyr/libzephyr.a(usb_device.c.obj)
 .text.set_endpoint
                0x0000000000001cb4       0x54 zephyr/libzephyr.a(usb_device.c.obj)
 .text.usb_reset_alt_setting
                0x0000000000001d08       0x10 zephyr/libzephyr.a(usb_device.c.obj)
 .text.is_ep_valid.part.0
                0x0000000000001d18       0x38 zephyr/libzephyr.a(usb_device.c.obj)
 .text.usb_handle_request.constprop.0
                0x0000000000001d50       0x2c zephyr/libzephyr.a(usb_device.c.obj)
 .text.forward_status_cb
                0x0000000000001d7c       0x9c zephyr/libzephyr.a(usb_device.c.obj)
 .text.usb_halt_endpoint_req.isra.0
                0x0000000000001e18       0x58 zephyr/libzephyr.a(usb_device.c.obj)
 .text.usb_handle_standard_request
                0x0000000000001e70      0x2b0 zephyr/libzephyr.a(usb_device.c.obj)
 .text.usb_disable
                0x0000000000002120       0x20 zephyr/libzephyr.a(usb_device.c.obj)
                0x0000000000002120                usb_disable
 .text.usb_data_to_host
                0x0000000000002140       0x54 zephyr/libzephyr.a(usb_device.c.obj)
 .text.usb_handle_control_transfer
                0x0000000000002194       0xe8 zephyr/libzephyr.a(usb_device.c.obj)
 .text.usb_set_config
                0x000000000000227c       0x2c zephyr/libzephyr.a(usb_device.c.obj)
                0x000000000000227c                usb_set_config
 .text.usb_device_init
                0x00000000000022a8       0x28 zephyr/libzephyr.a(usb_device.c.obj)
 .text.usb_enable
                0x00000000000022d0       0xf4 zephyr/libzephyr.a(usb_device.c.obj)
                0x00000000000022d0                usb_enable
 .text.usb_update_sn_string_descriptor
                0x00000000000023c4       0x88 zephyr/libzephyr.a(usb_descriptor.c.obj)
                0x00000000000023c4                usb_update_sn_string_descriptor
 .text.usb_fix_descriptor
                0x000000000000244c      0x1b0 zephyr/libzephyr.a(usb_descriptor.c.obj)
 .text.usb_get_device_descriptor
                0x00000000000025fc       0x18 zephyr/libzephyr.a(usb_descriptor.c.obj)
                0x00000000000025fc                usb_get_device_descriptor
 .text.usb_ep_get_transfer
                0x0000000000002614       0x2c zephyr/libzephyr.a(usb_transfer.c.obj)
 .text.usb_transfer_work
                0x0000000000002640      0x110 zephyr/libzephyr.a(usb_transfer.c.obj)
 .text.usb_transfer_ep_callback
                0x0000000000002750       0x5c zephyr/libzephyr.a(usb_transfer.c.obj)
                0x0000000000002750                usb_transfer_ep_callback
 .text.usb_transfer
                0x00000000000027ac       0xe4 zephyr/libzephyr.a(usb_transfer.c.obj)
                0x00000000000027ac                usb_transfer
 .text.usb_cancel_transfer
                0x0000000000002890       0x3c zephyr/libzephyr.a(usb_transfer.c.obj)
                0x0000000000002890                usb_cancel_transfer
 .text.usb_cancel_transfers
                0x00000000000028cc       0x50 zephyr/libzephyr.a(usb_transfer.c.obj)
                0x00000000000028cc                usb_cancel_transfers
 .text.usb_transfer_init
                0x000000000000291c       0x34 zephyr/libzephyr.a(usb_transfer.c.obj)
                0x000000000000291c                usb_transfer_init
 .text.cdc_acm_class_handle_req
                0x0000000000002950       0x58 zephyr/libzephyr.a(cdc_acm.c.obj)
                0x0000000000002950                cdc_acm_class_handle_req
 .text.cdc_acm_int_in
                0x00000000000029a8       0x18 zephyr/libzephyr.a(cdc_acm.c.obj)
 .text.cdc_acm_irq_rx_enable
                0x00000000000029c0       0x20 zephyr/libzephyr.a(cdc_acm.c.obj)
 .text.cdc_acm_irq_tx_enable
                0x00000000000029e0       0x20 zephyr/libzephyr.a(cdc_acm.c.obj)
 .text.cdc_acm_write_cb
                0x0000000000002a00       0x3c zephyr/libzephyr.a(cdc_acm.c.obj)
 .text.cdc_acm_reset_port
                0x0000000000002a3c       0x38 zephyr/libzephyr.a(cdc_acm.c.obj)
 .text.cdc_acm_fifo_fill
                0x0000000000002a74       0x34 zephyr/libzephyr.a(cdc_acm.c.obj)
 .text.cdc_acm_poll_out
                0x0000000000002aa8       0x58 zephyr/libzephyr.a(cdc_acm.c.obj)
 .text.tx_work_handler
                0x0000000000002b00       0x58 zephyr/libzephyr.a(cdc_acm.c.obj)
 .text.cdc_acm_init
                0x0000000000002b58       0x48 zephyr/libzephyr.a(cdc_acm.c.obj)
 .text.cdc_acm_send_notification.isra.0
                0x0000000000002ba0       0x54 zephyr/libzephyr.a(cdc_acm.c.obj)
 .text.cdc_acm_read_cb
                0x0000000000002bf4       0x68 zephyr/libzephyr.a(cdc_acm.c.obj)
 .text.cdc_acm_dev_status_cb
                0x0000000000002c5c       0xa0 zephyr/libzephyr.a(cdc_acm.c.obj)
 .text.z_usb_work_q_init
                0x0000000000002cfc       0x34 zephyr/libzephyr.a(usb_work_q.c.obj)
 .text.flash_area_open
                0x0000000000002d30       0x50 zephyr/libzephyr.a(flash_map.c.obj)
                0x0000000000002d30                flash_area_open
 .text.flash_area_get_sectors
                0x0000000000002d80       0x60 zephyr/libzephyr.a(flash_map_layout.c.obj)
                0x0000000000002d80                flash_area_get_sectors
 .text.nrf_cc3xx_platform_abort_init
                0x0000000000002de0        0xc zephyr/libzephyr.a(nrf_cc3xx_platform_abort_zephyr.c.obj)
                0x0000000000002de0                nrf_cc3xx_platform_abort_init
 .text.mutex_free_platform
                0x0000000000002dec       0x48 zephyr/libzephyr.a(nrf_cc3xx_platform_mutex_zephyr.c.obj)
 .text.mutex_lock_platform
                0x0000000000002e34       0x68 zephyr/libzephyr.a(nrf_cc3xx_platform_mutex_zephyr.c.obj)
 .text.mutex_unlock_platform
                0x0000000000002e9c       0x60 zephyr/libzephyr.a(nrf_cc3xx_platform_mutex_zephyr.c.obj)
 .text.mutex_init_platform
                0x0000000000002efc       0x70 zephyr/libzephyr.a(nrf_cc3xx_platform_mutex_zephyr.c.obj)
 .text.nrf_cc3xx_platform_mutex_init
                0x0000000000002f6c       0x2c zephyr/libzephyr.a(nrf_cc3xx_platform_mutex_zephyr.c.obj)
                0x0000000000002f6c                nrf_cc3xx_platform_mutex_init
 .text.boot_uart_fifo_callback
                0x0000000000002f98       0xa4 zephyr/libzephyr.a(serial_adapter.c.obj)
 .text.console_out
                0x000000000000303c       0x18 zephyr/libzephyr.a(serial_adapter.c.obj)
                0x000000000000303c                console_out
 .text.console_read
                0x0000000000003054       0x88 zephyr/libzephyr.a(serial_adapter.c.obj)
                0x0000000000003054                console_read
 .text.boot_console_init
                0x00000000000030dc       0xa0 zephyr/libzephyr.a(serial_adapter.c.obj)
                0x00000000000030dc                boot_console_init
 .text.boot_serial_output
                0x000000000000317c      0x10c zephyr/libzephyr.a(boot_serial.c.obj)
 .text.boot_serial_in_dec.constprop.0
                0x0000000000003288       0x68 zephyr/libzephyr.a(boot_serial.c.obj)
 .text.zcbor_tstr_encode_ptr.constprop.0.isra.0
                0x00000000000032f0       0x18 zephyr/libzephyr.a(boot_serial.c.obj)
 .text.bs_rc_rsp
                0x0000000000003308       0x38 zephyr/libzephyr.a(boot_serial.c.obj)
 .text.reset_cbor_state
                0x0000000000003340       0x24 zephyr/libzephyr.a(boot_serial.c.obj)
                0x0000000000003340                reset_cbor_state
 .text.boot_serial_input
                0x0000000000003364      0x3d4 zephyr/libzephyr.a(boot_serial.c.obj)
                0x0000000000003364                boot_serial_input
 .text.boot_serial_start
                0x0000000000003738       0xe8 zephyr/libzephyr.a(boot_serial.c.obj)
                0x0000000000003738                boot_serial_start
 .text.decode_repeated_Upload_members
                0x0000000000003820       0xfc zephyr/libzephyr.a(serial_recovery_cbor.c.obj)
 .text.cbor_decode_Upload
                0x000000000000391c       0x80 zephyr/libzephyr.a(serial_recovery_cbor.c.obj)
                0x000000000000391c                cbor_decode_Upload
 .text.get_result_len
                0x000000000000399c       0x30 zephyr/libzephyr.a(zcbor_encode.c.obj)
 .text.value_encode
                0x00000000000039cc       0x7c zephyr/libzephyr.a(zcbor_encode.c.obj)
 .text.z_arm_cpu_idle_init
                0x0000000000003a48        0xc zephyr/arch/arch/arm/core/aarch32/libarch__arm__core__aarch32.a(cpu_idle.S.obj)
                0x0000000000003a48                z_arm_cpu_idle_init
 .text.arch_cpu_idle
                0x0000000000003a54       0x1c zephyr/arch/arch/arm/core/aarch32/libarch__arm__core__aarch32.a(cpu_idle.S.obj)
                0x0000000000003a54                arch_cpu_idle
 .text.arch_cpu_atomic_idle
                0x0000000000003a70       0x14 zephyr/arch/arch/arm/core/aarch32/libarch__arm__core__aarch32.a(cpu_idle.S.obj)
                0x0000000000003a70                arch_cpu_atomic_idle
 .text.arch_irq_enable
                0x0000000000003a84       0x20 zephyr/arch/arch/arm/core/aarch32/libarch__arm__core__aarch32.a(irq_manage.c.obj)
                0x0000000000003a84                arch_irq_enable
 .text.arch_irq_disable
                0x0000000000003aa4       0x28 zephyr/arch/arch/arm/core/aarch32/libarch__arm__core__aarch32.a(irq_manage.c.obj)
                0x0000000000003aa4                arch_irq_disable
 .text.arch_irq_is_enabled
                0x0000000000003acc       0x1c zephyr/arch/arch/arm/core/aarch32/libarch__arm__core__aarch32.a(irq_manage.c.obj)
                0x0000000000003acc                arch_irq_is_enabled
 .text.z_arm_irq_priority_set
                0x0000000000003ae8       0x2c zephyr/arch/arch/arm/core/aarch32/libarch__arm__core__aarch32.a(irq_manage.c.obj)
                0x0000000000003ae8                z_arm_irq_priority_set
 .text.z_SysNmiOnReset
                0x0000000000003b14        0x8 zephyr/arch/arch/arm/core/aarch32/libarch__arm__core__aarch32.a(nmi_on_reset.S.obj)
                0x0000000000003b14                z_SysNmiOnReset
 .text.z_arm_prep_c
                0x0000000000003b1c       0x38 zephyr/arch/arch/arm/core/aarch32/libarch__arm__core__aarch32.a(prep_c.c.obj)
                0x0000000000003b1c                z_arm_prep_c
 .text.arch_swap
                0x0000000000003b54       0x34 zephyr/arch/arch/arm/core/aarch32/libarch__arm__core__aarch32.a(swap.c.obj)
                0x0000000000003b54                arch_swap
 .text.z_arm_pendsv
                0x0000000000003b88       0x58 zephyr/arch/arch/arm/core/aarch32/libarch__arm__core__aarch32.a(swap_helper.S.obj)
                0x0000000000003b88                z_arm_pendsv
 .text.z_arm_svc
                0x0000000000003be0       0x20 zephyr/arch/arch/arm/core/aarch32/libarch__arm__core__aarch32.a(swap_helper.S.obj)
                0x0000000000003be0                z_arm_svc
 .text.arch_new_thread
                0x0000000000003c00       0x38 zephyr/arch/arch/arm/core/aarch32/libarch__arm__core__aarch32.a(thread.c.obj)
                0x0000000000003c00                arch_new_thread
 .text.arch_switch_to_main_thread
                0x0000000000003c38       0x28 zephyr/arch/arch/arm/core/aarch32/libarch__arm__core__aarch32.a(thread.c.obj)
                0x0000000000003c38                arch_switch_to_main_thread
 .text._isr_wrapper
                0x0000000000003c60       0x28 zephyr/arch/arch/arm/core/aarch32/libarch__arm__core__aarch32.a(isr_wrapper.S.obj)
                0x0000000000003c60                _isr_wrapper
 .text._HandlerModeExit
                0x0000000000003c88       0x1c zephyr/arch/arch/arm/core/aarch32/cortex_m/libarch__arm__core__aarch32__cortex_m.a(exc_exit.S.obj)
                0x0000000000003c88                z_arm_int_exit
                0x0000000000003c88                z_arm_exc_exit
 .text.usage_fault.constprop.0
                0x0000000000003ca4       0x2c zephyr/arch/arch/arm/core/aarch32/cortex_m/libarch__arm__core__aarch32__cortex_m.a(fault.c.obj)
 .text.bus_fault.constprop.0
                0x0000000000003cd0       0x3c zephyr/arch/arch/arm/core/aarch32/cortex_m/libarch__arm__core__aarch32__cortex_m.a(fault.c.obj)
 .text.mem_manage_fault.constprop.0
                0x0000000000003d0c       0x50 zephyr/arch/arch/arm/core/aarch32/cortex_m/libarch__arm__core__aarch32__cortex_m.a(fault.c.obj)
 .text.z_arm_fault
                0x0000000000003d5c       0xfc zephyr/arch/arch/arm/core/aarch32/cortex_m/libarch__arm__core__aarch32__cortex_m.a(fault.c.obj)
                0x0000000000003d5c                z_arm_fault
 .text.z_arm_fault_init
                0x0000000000003e58       0x18 zephyr/arch/arch/arm/core/aarch32/cortex_m/libarch__arm__core__aarch32__cortex_m.a(fault.c.obj)
                0x0000000000003e58                z_arm_fault_init
 .text.__fault  0x0000000000003e70       0x14 zephyr/arch/arch/arm/core/aarch32/cortex_m/libarch__arm__core__aarch32__cortex_m.a(fault_s.S.obj)
                0x0000000000003e70                z_arm_usage_fault
                0x0000000000003e70                z_arm_mpu_fault
                0x0000000000003e70                z_arm_exc_spurious
                0x0000000000003e70                z_arm_debug_monitor
                0x0000000000003e70                z_arm_hard_fault
                0x0000000000003e70                z_arm_bus_fault
 .text.z_arm_interrupt_init
                0x0000000000003e84       0x18 zephyr/arch/arch/arm/core/aarch32/cortex_m/libarch__arm__core__aarch32__cortex_m.a(irq_init.c.obj)
                0x0000000000003e84                z_arm_interrupt_init
 .text._reset_section
                0x0000000000003e9c       0x60 zephyr/arch/arch/arm/core/aarch32/cortex_m/libarch__arm__core__aarch32__cortex_m.a(reset.S.obj)
                0x0000000000003e9c                __start
                0x0000000000003e9c                z_arm_reset
 .text.sys_arch_reboot
                0x0000000000003efc       0x24 zephyr/arch/arch/arm/core/aarch32/cortex_m/libarch__arm__core__aarch32__cortex_m.a(scb.c.obj)
                0x0000000000003efc                sys_arch_reboot
 .text.z_arm_clear_arm_mpu_config
                0x0000000000003f20       0x24 zephyr/arch/arch/arm/core/aarch32/cortex_m/libarch__arm__core__aarch32__cortex_m.a(scb.c.obj)
                0x0000000000003f20                z_arm_clear_arm_mpu_config
 .text.z_arm_init_arch_hw_at_boot
                0x0000000000003f44       0x48 zephyr/arch/arch/arm/core/aarch32/cortex_m/libarch__arm__core__aarch32__cortex_m.a(scb.c.obj)
                0x0000000000003f44                z_arm_init_arch_hw_at_boot
 .text.z_impl_k_thread_abort
                0x0000000000003f8c       0x2c zephyr/arch/arch/arm/core/aarch32/cortex_m/libarch__arm__core__aarch32__cortex_m.a(thread_abort.c.obj)
                0x0000000000003f8c                z_impl_k_thread_abort
 .text.z_arm_configure_static_mpu_regions
                0x0000000000003fb8       0x38 zephyr/arch/arch/arm/core/aarch32/mpu/libarch__arm__core__aarch32__mpu.a(arm_core_mpu.c.obj)
                0x0000000000003fb8                z_arm_configure_static_mpu_regions
 .text.region_init
                0x0000000000003ff0       0x34 zephyr/arch/arch/arm/core/aarch32/mpu/libarch__arm__core__aarch32__mpu.a(arm_mpu.c.obj)
 .text.mpu_configure_regions_and_partition.constprop.0
                0x0000000000004024      0x15c zephyr/arch/arch/arm/core/aarch32/mpu/libarch__arm__core__aarch32__mpu.a(arm_mpu.c.obj)
 .text.arm_core_mpu_enable
                0x0000000000004180       0x18 zephyr/arch/arch/arm/core/aarch32/mpu/libarch__arm__core__aarch32__mpu.a(arm_mpu.c.obj)
                0x0000000000004180                arm_core_mpu_enable
 .text.arm_core_mpu_disable
                0x0000000000004198       0x14 zephyr/arch/arch/arm/core/aarch32/mpu/libarch__arm__core__aarch32__mpu.a(arm_mpu.c.obj)
                0x0000000000004198                arm_core_mpu_disable
 .text.arm_core_mpu_configure_static_mpu_regions
                0x00000000000041ac       0x14 zephyr/arch/arch/arm/core/aarch32/mpu/libarch__arm__core__aarch32__mpu.a(arm_mpu.c.obj)
                0x00000000000041ac                arm_core_mpu_configure_static_mpu_regions
 .text.arm_core_mpu_mark_areas_for_dynamic_regions
                0x00000000000041c0       0xb8 zephyr/arch/arch/arm/core/aarch32/mpu/libarch__arm__core__aarch32__mpu.a(arm_mpu.c.obj)
                0x00000000000041c0                arm_core_mpu_mark_areas_for_dynamic_regions
 .text.z_arm_mpu_init
                0x0000000000004278       0x4c zephyr/arch/arch/arm/core/aarch32/mpu/libarch__arm__core__aarch32__mpu.a(arm_mpu.c.obj)
                0x0000000000004278                z_arm_mpu_init
 .text.snprintf
                0x00000000000042c4       0x34 zephyr/lib/libc/minimal/liblib__libc__minimal.a(sprintf.c.obj)
                0x00000000000042c4                snprintf
 .text.usbd_evt_put
                0x00000000000042f8        0xc zephyr/drivers/usb/device/libdrivers__usb__device.a(usb_dc_nrfx.c.obj)
 .text.usbd_work_schedule
                0x0000000000004304       0x10 zephyr/drivers/usb/device/libdrivers__usb__device.a(usb_dc_nrfx.c.obj)
 .text.endpoint_ctx
                0x0000000000004314       0x50 zephyr/drivers/usb/device/libdrivers__usb__device.a(usb_dc_nrfx.c.obj)
 .text.usb_init
                0x0000000000004364       0x58 zephyr/drivers/usb/device/libdrivers__usb__device.a(usb_dc_nrfx.c.obj)
 .text.usbd_evt_get
                0x00000000000043bc       0x10 zephyr/drivers/usb/device/libdrivers__usb__device.a(usb_dc_nrfx.c.obj)
 .text.usbd_evt_flush
                0x00000000000043cc       0x1c zephyr/drivers/usb/device/libdrivers__usb__device.a(usb_dc_nrfx.c.obj)
 .text.usbd_evt_alloc
                0x00000000000043e8       0x44 zephyr/drivers/usb/device/libdrivers__usb__device.a(usb_dc_nrfx.c.obj)
 .text.submit_dc_power_event
                0x000000000000442c       0x2c zephyr/drivers/usb/device/libdrivers__usb__device.a(usb_dc_nrfx.c.obj)
 .text.usbd_event_transfer_data
                0x0000000000004458       0xa8 zephyr/drivers/usb/device/libdrivers__usb__device.a(usb_dc_nrfx.c.obj)
 .text.usb_dc_power_event_handler
                0x0000000000004500       0x38 zephyr/drivers/usb/device/libdrivers__usb__device.a(usb_dc_nrfx.c.obj)
 .text.hfxo_stop.constprop.0.isra.0
                0x0000000000004538       0x3c zephyr/drivers/usb/device/libdrivers__usb__device.a(usb_dc_nrfx.c.obj)
 .text.usbd_event_handler
                0x0000000000004574      0x11c zephyr/drivers/usb/device/libdrivers__usb__device.a(usb_dc_nrfx.c.obj)
 .text.eps_ctx_init
                0x0000000000004690       0x68 zephyr/drivers/usb/device/libdrivers__usb__device.a(usb_dc_nrfx.c.obj)
 .text.usbd_work_handler
                0x00000000000046f8      0x2e0 zephyr/drivers/usb/device/libdrivers__usb__device.a(usb_dc_nrfx.c.obj)
 .text.usb_dc_attach
                0x00000000000049d8       0x80 zephyr/drivers/usb/device/libdrivers__usb__device.a(usb_dc_nrfx.c.obj)
                0x00000000000049d8                usb_dc_attach
 .text.usb_dc_detach
                0x0000000000004a58       0x98 zephyr/drivers/usb/device/libdrivers__usb__device.a(usb_dc_nrfx.c.obj)
                0x0000000000004a58                usb_dc_detach
 .text.usb_dc_set_address
                0x0000000000004af0       0x24 zephyr/drivers/usb/device/libdrivers__usb__device.a(usb_dc_nrfx.c.obj)
                0x0000000000004af0                usb_dc_set_address
 .text.usb_dc_ep_configure
                0x0000000000004b14       0x44 zephyr/drivers/usb/device/libdrivers__usb__device.a(usb_dc_nrfx.c.obj)
                0x0000000000004b14                usb_dc_ep_configure
 .text.usb_dc_ep_set_stall
                0x0000000000004b58       0x50 zephyr/drivers/usb/device/libdrivers__usb__device.a(usb_dc_nrfx.c.obj)
                0x0000000000004b58                usb_dc_ep_set_stall
 .text.usb_dc_ep_clear_stall
                0x0000000000004ba8       0x40 zephyr/drivers/usb/device/libdrivers__usb__device.a(usb_dc_nrfx.c.obj)
                0x0000000000004ba8                usb_dc_ep_clear_stall
 .text.usb_dc_ep_is_stalled
                0x0000000000004be8       0x38 zephyr/drivers/usb/device/libdrivers__usb__device.a(usb_dc_nrfx.c.obj)
                0x0000000000004be8                usb_dc_ep_is_stalled
 .text.usb_dc_ep_enable
                0x0000000000004c20       0x54 zephyr/drivers/usb/device/libdrivers__usb__device.a(usb_dc_nrfx.c.obj)
                0x0000000000004c20                usb_dc_ep_enable
 .text.usb_dc_ep_disable
                0x0000000000004c74       0x4c zephyr/drivers/usb/device/libdrivers__usb__device.a(usb_dc_nrfx.c.obj)
                0x0000000000004c74                usb_dc_ep_disable
 .text.usb_dc_ep_write
                0x0000000000004cc0       0xf0 zephyr/drivers/usb/device/libdrivers__usb__device.a(usb_dc_nrfx.c.obj)
                0x0000000000004cc0                usb_dc_ep_write
 .text.usb_dc_ep_read_wait
                0x0000000000004db0       0x90 zephyr/drivers/usb/device/libdrivers__usb__device.a(usb_dc_nrfx.c.obj)
                0x0000000000004db0                usb_dc_ep_read_wait
 .text.usb_dc_ep_read_continue
                0x0000000000004e40       0x84 zephyr/drivers/usb/device/libdrivers__usb__device.a(usb_dc_nrfx.c.obj)
                0x0000000000004e40                usb_dc_ep_read_continue
 .text.usb_dc_ep_set_callback
                0x0000000000004ec4       0x28 zephyr/drivers/usb/device/libdrivers__usb__device.a(usb_dc_nrfx.c.obj)
                0x0000000000004ec4                usb_dc_ep_set_callback
 .text.usb_dc_set_status_callback
                0x0000000000004eec        0xc zephyr/drivers/usb/device/libdrivers__usb__device.a(usb_dc_nrfx.c.obj)
                0x0000000000004eec                usb_dc_set_status_callback
 .text.usb_dc_ep_mps
                0x0000000000004ef8       0x24 zephyr/drivers/usb/device/libdrivers__usb__device.a(usb_dc_nrfx.c.obj)
                0x0000000000004ef8                usb_dc_ep_mps
 .text.onoff_stop
                0x0000000000004f1c       0x30 zephyr/drivers/clock_control/libdrivers__clock_control.a(clock_control_nrf.c.obj)
 .text.onoff_start
                0x0000000000004f4c       0x44 zephyr/drivers/clock_control/libdrivers__clock_control.a(clock_control_nrf.c.obj)
 .text.clk_init
                0x0000000000004f90       0x64 zephyr/drivers/clock_control/libdrivers__clock_control.a(clock_control_nrf.c.obj)
 .text.clkstarted_handle.constprop.0
                0x0000000000004ff4       0x34 zephyr/drivers/clock_control/libdrivers__clock_control.a(clock_control_nrf.c.obj)
 .text.clock_event_handler
                0x0000000000005028       0x30 zephyr/drivers/clock_control/libdrivers__clock_control.a(clock_control_nrf.c.obj)
 .text.generic_hfclk_start
                0x0000000000005058       0x64 zephyr/drivers/clock_control/libdrivers__clock_control.a(clock_control_nrf.c.obj)
 .text.api_blocking_start
                0x00000000000050bc       0x34 zephyr/drivers/clock_control/libdrivers__clock_control.a(clock_control_nrf.c.obj)
 .text.generic_hfclk_stop
                0x00000000000050f0       0x24 zephyr/drivers/clock_control/libdrivers__clock_control.a(clock_control_nrf.c.obj)
 .text.z_nrf_clock_control_get_onoff
                0x0000000000005114       0x10 zephyr/drivers/clock_control/libdrivers__clock_control.a(clock_control_nrf.c.obj)
                0x0000000000005114                z_nrf_clock_control_get_onoff
 .text.z_nrf_clock_control_lf_on
                0x0000000000005124       0xfc zephyr/drivers/clock_control/libdrivers__clock_control.a(clock_control_nrf.c.obj)
                0x0000000000005124                z_nrf_clock_control_lf_on
 .text.gpio_nrfx_pin_interrupt_configure
                0x0000000000005220       0xd8 zephyr/drivers/gpio/libdrivers__gpio.a(gpio_nrfx.c.obj)
 .text.gpio_nrfx_init
                0x00000000000052f8       0x38 zephyr/drivers/gpio/libdrivers__gpio.a(gpio_nrfx.c.obj)
 .text.nrfx_gpio_handler
                0x0000000000005330       0x44 zephyr/drivers/gpio/libdrivers__gpio.a(gpio_nrfx.c.obj)
 .text.gpio_nrfx_pin_configure
                0x0000000000005374      0x140 zephyr/drivers/gpio/libdrivers__gpio.a(gpio_nrfx.c.obj)
 .text.qspi_get_zephyr_ret_code
                0x00000000000054b4       0x1c zephyr/drivers/flash/libdrivers__flash.a(nrf_qspi_nor.c.obj)
 .text.qspi_nor_pages_layout
                0x00000000000054d0       0x10 zephyr/drivers/flash/libdrivers__flash.a(nrf_qspi_nor.c.obj)
 .text.qspi_flash_get_parameters
                0x00000000000054e0        0x8 zephyr/drivers/flash/libdrivers__flash.a(nrf_qspi_nor.c.obj)
 .text.qspi_wait_for_completion.isra.0
                0x00000000000054e8       0x1c zephyr/drivers/flash/libdrivers__flash.a(nrf_qspi_nor.c.obj)
 .text.qspi_device_init
                0x0000000000005504       0x4c zephyr/drivers/flash/libdrivers__flash.a(nrf_qspi_nor.c.obj)
 .text.qspi_device_uninit
                0x0000000000005550       0x50 zephyr/drivers/flash/libdrivers__flash.a(nrf_qspi_nor.c.obj)
 .text.qspi_nor_read
                0x00000000000055a0      0x154 zephyr/drivers/flash/libdrivers__flash.a(nrf_qspi_nor.c.obj)
 .text.qspi_nor_init
                0x00000000000056f4      0x110 zephyr/drivers/flash/libdrivers__flash.a(nrf_qspi_nor.c.obj)
 .text.qspi_nor_erase
                0x0000000000005804       0xfc zephyr/drivers/flash/libdrivers__flash.a(nrf_qspi_nor.c.obj)
 .text.qspi_nor_write
                0x0000000000005900      0x120 zephyr/drivers/flash/libdrivers__flash.a(nrf_qspi_nor.c.obj)
 .text.flash_sim_page_layout
                0x0000000000005a20       0x10 zephyr/drivers/flash/libdrivers__flash.a(flash_simulator.c.obj)
 .text.flash_sim_get_parameters
                0x0000000000005a30        0x8 zephyr/drivers/flash/libdrivers__flash.a(flash_simulator.c.obj)
 .text.flash_sim_write
                0x0000000000005a38       0x74 zephyr/drivers/flash/libdrivers__flash.a(flash_simulator.c.obj)
 .text.flash_sim_read
                0x0000000000005aac       0x28 zephyr/drivers/flash/libdrivers__flash.a(flash_simulator.c.obj)
 .text.flash_sim_erase
                0x0000000000005ad4       0x4c zephyr/drivers/flash/libdrivers__flash.a(flash_simulator.c.obj)
 .text.flash_init
                0x0000000000005b20       0x18 zephyr/drivers/flash/libdrivers__flash.a(flash_simulator.c.obj)
 .text.z_impl_flash_simulator_get_memory
                0x0000000000005b38       0x10 zephyr/drivers/flash/libdrivers__flash.a(flash_simulator.c.obj)
                0x0000000000005b38                z_impl_flash_simulator_get_memory
 .text.flash_nrf_pages_layout
                0x0000000000005b48       0x10 zephyr/drivers/flash/libdrivers__flash.a(soc_flash_nrf.c.obj)
 .text.flash_nrf_get_parameters
                0x0000000000005b58        0x8 zephyr/drivers/flash/libdrivers__flash.a(soc_flash_nrf.c.obj)
 .text.nrf_flash_init
                0x0000000000005b60       0x28 zephyr/drivers/flash/libdrivers__flash.a(soc_flash_nrf.c.obj)
 .text.flash_nrf_erase
                0x0000000000005b88       0x64 zephyr/drivers/flash/libdrivers__flash.a(soc_flash_nrf.c.obj)
 .text.flash_nrf_write
                0x0000000000005bec       0x98 zephyr/drivers/flash/libdrivers__flash.a(soc_flash_nrf.c.obj)
 .text.compare_int_lock
                0x0000000000005c84       0x44 zephyr/drivers/timer/libdrivers__timer.a(nrf_rtc_timer.c.obj)
 .text.sys_clock_timeout_handler
                0x0000000000005cc8       0x78 zephyr/drivers/timer/libdrivers__timer.a(nrf_rtc_timer.c.obj)
 .text.compare_int_unlock
                0x0000000000005d40       0x50 zephyr/drivers/timer/libdrivers__timer.a(nrf_rtc_timer.c.obj)
 .text.z_nrf_rtc_timer_read
                0x0000000000005d90       0x44 zephyr/drivers/timer/libdrivers__timer.a(nrf_rtc_timer.c.obj)
                0x0000000000005d90                z_nrf_rtc_timer_read
 .text.compare_set
                0x0000000000005dd4      0x13c zephyr/drivers/timer/libdrivers__timer.a(nrf_rtc_timer.c.obj)
 .text.sys_clock_driver_init
                0x0000000000005f10       0x80 zephyr/drivers/timer/libdrivers__timer.a(nrf_rtc_timer.c.obj)
 .text.rtc_nrf_isr
                0x0000000000005f90       0xe8 zephyr/drivers/timer/libdrivers__timer.a(nrf_rtc_timer.c.obj)
                0x0000000000005f90                rtc_nrf_isr
 .text.sys_clock_set_timeout
                0x0000000000006078       0x60 zephyr/drivers/timer/libdrivers__timer.a(nrf_rtc_timer.c.obj)
                0x0000000000006078                sys_clock_set_timeout
 .text.sys_clock_elapsed
                0x00000000000060d8       0x14 zephyr/drivers/timer/libdrivers__timer.a(nrf_rtc_timer.c.obj)
                0x00000000000060d8                sys_clock_elapsed
 .text.nrf_gpio_pin_clear
                0x00000000000060ec       0x20 zephyr/drivers/pinctrl/libdrivers__pinctrl.a(pinctrl_nrf.c.obj)
 .text.nrf_pin_configure
                0x000000000000610c       0x4c zephyr/drivers/pinctrl/libdrivers__pinctrl.a(pinctrl_nrf.c.obj)
 .text.nrf_gpio_pin_set
                0x0000000000006158       0x20 zephyr/drivers/pinctrl/libdrivers__pinctrl.a(pinctrl_nrf.c.obj)
 .text.fprotect_area
                0x0000000000006178       0x3c modules/nrf/lib/fprotect/lib..__nrf__lib__fprotect.a(fprotect_spu.c.obj)
                0x0000000000006178                fprotect_area
 .text.pcd_fw_copy_status_get
                0x00000000000061b4       0x24 modules/nrf/subsys/pcd/lib..__nrf__subsys__pcd.a(pcd.c.obj)
                0x00000000000061b4                pcd_fw_copy_status_get
 .text.pcd_network_core_update_initiate
                0x00000000000061d8       0x48 modules/nrf/subsys/pcd/lib..__nrf__subsys__pcd.a(pcd.c.obj)
                0x00000000000061d8                pcd_network_core_update_initiate
 .text.pcd_network_core_update
                0x0000000000006220       0x6c modules/nrf/subsys/pcd/lib..__nrf__subsys__pcd.a(pcd.c.obj)
                0x0000000000006220                pcd_network_core_update
 .text.pcd_lock_ram
                0x000000000000628c       0x10 modules/nrf/subsys/pcd/lib..__nrf__subsys__pcd.a(pcd.c.obj)
                0x000000000000628c                pcd_lock_ram
 .text.boot_read_image_header_hook
                0x000000000000629c       0x2c modules/nrf/modules/mcuboot/hooks/lib..__nrf__modules__mcuboot__hooks.a(nrf53_hooks.c.obj)
                0x000000000000629c                boot_read_image_header_hook
 .text.boot_image_check_hook
                0x00000000000062c8       0x14 modules/nrf/modules/mcuboot/hooks/lib..__nrf__modules__mcuboot__hooks.a(nrf53_hooks.c.obj)
                0x00000000000062c8                boot_image_check_hook
 .text.network_core_update
                0x00000000000062dc       0x50 modules/nrf/modules/mcuboot/hooks/lib..__nrf__modules__mcuboot__hooks.a(nrf53_hooks.c.obj)
                0x00000000000062dc                network_core_update
 .text.boot_write_magic
                0x000000000000632c       0x40 modules/mcuboot/boot/bootutil/zephyr/libmcuboot_util.a(bootutil_public.c.obj)
                0x000000000000632c                boot_write_magic
 .text.boot_read_swap_state
                0x000000000000636c       0xa8 modules/mcuboot/boot/bootutil/zephyr/libmcuboot_util.a(bootutil_public.c.obj)
                0x000000000000636c                boot_read_swap_state
 .text.boot_swap_type_multi
                0x0000000000006414       0xc4 modules/mcuboot/boot/bootutil/zephyr/libmcuboot_util.a(bootutil_public.c.obj)
                0x0000000000006414                boot_swap_type_multi
 .text.verify_header
                0x00000000000064d8       0x40 modules/mbedtls/libmodules__mbedtls.a(memory_buffer_alloc.c.obj)
 .text.verify_chain
                0x0000000000006518       0x3c modules/mbedtls/libmodules__mbedtls.a(memory_buffer_alloc.c.obj)
 .text.buffer_alloc_calloc
                0x0000000000006554      0x118 modules/mbedtls/libmodules__mbedtls.a(memory_buffer_alloc.c.obj)
 .text.buffer_alloc_free
                0x000000000000666c      0x110 modules/mbedtls/libmodules__mbedtls.a(memory_buffer_alloc.c.obj)
 .text.mbedtls_memory_buffer_alloc_init
                0x000000000000677c       0x64 modules/mbedtls/libmodules__mbedtls.a(memory_buffer_alloc.c.obj)
                0x000000000000677c                mbedtls_memory_buffer_alloc_init
 .text.mbedtls_calloc
                0x00000000000067e0        0xc modules/mbedtls/libmodules__mbedtls.a(platform.c.obj)
                0x00000000000067e0                mbedtls_calloc
 .text.mbedtls_free
                0x00000000000067ec        0xc modules/mbedtls/libmodules__mbedtls.a(platform.c.obj)
                0x00000000000067ec                mbedtls_free
 .text.mbedtls_platform_set_calloc_free
                0x00000000000067f8       0x14 modules/mbedtls/libmodules__mbedtls.a(platform.c.obj)
                0x00000000000067f8                mbedtls_platform_set_calloc_free
 .text.rsa_check_context.constprop.0
                0x000000000000680c       0xb8 modules/mbedtls/libmodules__mbedtls.a(rsa.c.obj)
 .text.mbedtls_rsa_check_pubkey
                0x00000000000068c4       0x48 modules/mbedtls/libmodules__mbedtls.a(rsa.c.obj)
                0x00000000000068c4                mbedtls_rsa_check_pubkey
 .text.mbedtls_rsa_public
                0x000000000000690c       0x7c modules/mbedtls/libmodules__mbedtls.a(rsa.c.obj)
                0x000000000000690c                mbedtls_rsa_public
 .text.mbedtls_sha256_starts
                0x0000000000006988       0xa4 modules/mbedtls/libmodules__mbedtls.a(sha256.c.obj)
                0x0000000000006988                mbedtls_sha256_starts
 .text.mbedtls_internal_sha256_process
                0x0000000000006a2c      0x154 modules/mbedtls/libmodules__mbedtls.a(sha256.c.obj)
                0x0000000000006a2c                mbedtls_internal_sha256_process
 .text.nrf53_errata_42
                0x0000000000006b80       0x24 modules/hal_nordic/nrfx/libmodules__hal_nordic__nrfx.a(system_nrf5340_application.c.obj)
 .text.SystemCoreClockUpdate
                0x0000000000006ba4       0x20 modules/hal_nordic/nrfx/libmodules__hal_nordic__nrfx.a(system_nrf5340_application.c.obj)
                0x0000000000006ba4                SystemCoreClockUpdate
 .text.SystemInit
                0x0000000000006bc4      0x168 modules/hal_nordic/nrfx/libmodules__hal_nordic__nrfx.a(system_nrf5340_application.c.obj)
                0x0000000000006bc4                SystemInit
 .text.nrfx_flag32_alloc
                0x0000000000006d2c       0x44 modules/hal_nordic/nrfx/libmodules__hal_nordic__nrfx.a(nrfx_flag32_allocator.c.obj)
                0x0000000000006d2c                nrfx_flag32_alloc
 .text.nrfx_flag32_free
                0x0000000000006d70       0x3c modules/hal_nordic/nrfx/libmodules__hal_nordic__nrfx.a(nrfx_flag32_allocator.c.obj)
                0x0000000000006d70                nrfx_flag32_free
 .text.nrfx_clock_init
                0x0000000000006dac       0x20 modules/hal_nordic/nrfx/libmodules__hal_nordic__nrfx.a(nrfx_clock.c.obj)
                0x0000000000006dac                nrfx_clock_init
 .text.nrfx_clock_enable
                0x0000000000006dcc       0x2c modules/hal_nordic/nrfx/libmodules__hal_nordic__nrfx.a(nrfx_clock.c.obj)
                0x0000000000006dcc                nrfx_clock_enable
 .text.nrfx_clock_irq_handler
                0x0000000000006df8       0xb0 modules/hal_nordic/nrfx/libmodules__hal_nordic__nrfx.a(nrfx_clock.c.obj)
                0x0000000000006df8                nrfx_clock_irq_handler
 .text.nrf_gpio_pin_port_decode
                0x0000000000006ea8       0x20 modules/hal_nordic/nrfx/libmodules__hal_nordic__nrfx.a(nrfx_gpiote.c.obj)
 .text.pin_in_use_by_te
                0x0000000000006ec8       0x14 modules/hal_nordic/nrfx/libmodules__hal_nordic__nrfx.a(nrfx_gpiote.c.obj)
 .text.call_handler
                0x0000000000006edc       0x3c modules/hal_nordic/nrfx/libmodules__hal_nordic__nrfx.a(nrfx_gpiote.c.obj)
 .text.release_handler
                0x0000000000006f18       0x54 modules/hal_nordic/nrfx/libmodules__hal_nordic__nrfx.a(nrfx_gpiote.c.obj)
 .text.pin_handler_trigger_uninit
                0x0000000000006f6c       0x3c modules/hal_nordic/nrfx/libmodules__hal_nordic__nrfx.a(nrfx_gpiote.c.obj)
 .text.nrfx_gpiote_input_configure
                0x0000000000006fa8      0x158 modules/hal_nordic/nrfx/libmodules__hal_nordic__nrfx.a(nrfx_gpiote.c.obj)
                0x0000000000006fa8                nrfx_gpiote_input_configure
 .text.nrfx_gpiote_output_configure
                0x0000000000007100       0xe8 modules/hal_nordic/nrfx/libmodules__hal_nordic__nrfx.a(nrfx_gpiote.c.obj)
                0x0000000000007100                nrfx_gpiote_output_configure
 .text.nrfx_gpiote_global_callback_set
                0x00000000000071e8        0xc modules/hal_nordic/nrfx/libmodules__hal_nordic__nrfx.a(nrfx_gpiote.c.obj)
                0x00000000000071e8                nrfx_gpiote_global_callback_set
 .text.nrfx_gpiote_channel_get
                0x00000000000071f4       0x2c modules/hal_nordic/nrfx/libmodules__hal_nordic__nrfx.a(nrfx_gpiote.c.obj)
                0x00000000000071f4                nrfx_gpiote_channel_get
 .text.nrfx_gpiote_init
                0x0000000000007220       0x50 modules/hal_nordic/nrfx/libmodules__hal_nordic__nrfx.a(nrfx_gpiote.c.obj)
                0x0000000000007220                nrfx_gpiote_init
 .text.nrfx_gpiote_is_init
                0x0000000000007270       0x14 modules/hal_nordic/nrfx/libmodules__hal_nordic__nrfx.a(nrfx_gpiote.c.obj)
                0x0000000000007270                nrfx_gpiote_is_init
 .text.nrfx_gpiote_channel_free
                0x0000000000007284        0xc modules/hal_nordic/nrfx/libmodules__hal_nordic__nrfx.a(nrfx_gpiote.c.obj)
                0x0000000000007284                nrfx_gpiote_channel_free
 .text.nrfx_gpiote_channel_alloc
                0x0000000000007290        0xc modules/hal_nordic/nrfx/libmodules__hal_nordic__nrfx.a(nrfx_gpiote.c.obj)
                0x0000000000007290                nrfx_gpiote_channel_alloc
 .text.nrfx_gpiote_trigger_enable
                0x000000000000729c       0x8c modules/hal_nordic/nrfx/libmodules__hal_nordic__nrfx.a(nrfx_gpiote.c.obj)
                0x000000000000729c                nrfx_gpiote_trigger_enable
 .text.nrfx_gpiote_trigger_disable
                0x0000000000007328       0x50 modules/hal_nordic/nrfx/libmodules__hal_nordic__nrfx.a(nrfx_gpiote.c.obj)
                0x0000000000007328                nrfx_gpiote_trigger_disable
 .text.nrfx_gpiote_pin_uninit
                0x0000000000007378       0x50 modules/hal_nordic/nrfx/libmodules__hal_nordic__nrfx.a(nrfx_gpiote.c.obj)
                0x0000000000007378                nrfx_gpiote_pin_uninit
 .text.nrfx_gpiote_irq_handler
                0x00000000000073c8      0x1a4 modules/hal_nordic/nrfx/libmodules__hal_nordic__nrfx.a(nrfx_gpiote.c.obj)
                0x00000000000073c8                nrfx_gpiote_irq_handler
 .text.nvmc_readonly_mode_set
                0x000000000000756c       0x14 modules/hal_nordic/nrfx/libmodules__hal_nordic__nrfx.a(nrfx_nvmc.c.obj)
 .text.nvmc_word_write
                0x0000000000007580       0x18 modules/hal_nordic/nrfx/libmodules__hal_nordic__nrfx.a(nrfx_nvmc.c.obj)
 .text.nrfx_nvmc_page_erase
                0x0000000000007598       0x3c modules/hal_nordic/nrfx/libmodules__hal_nordic__nrfx.a(nrfx_nvmc.c.obj)
                0x0000000000007598                nrfx_nvmc_page_erase
 .text.nrfx_nvmc_word_write
                0x00000000000075d4       0x20 modules/hal_nordic/nrfx/libmodules__hal_nordic__nrfx.a(nrfx_nvmc.c.obj)
                0x00000000000075d4                nrfx_nvmc_word_write
 .text.nrfx_nvmc_bytes_write
                0x00000000000075f4       0x84 modules/hal_nordic/nrfx/libmodules__hal_nordic__nrfx.a(nrfx_nvmc.c.obj)
                0x00000000000075f4                nrfx_nvmc_bytes_write
 .text.nrfx_power_init
                0x0000000000007678       0x74 modules/hal_nordic/nrfx/libmodules__hal_nordic__nrfx.a(nrfx_power.c.obj)
                0x0000000000007678                nrfx_power_init
 .text.nrfx_power_irq_handler
                0x00000000000076ec       0x70 modules/hal_nordic/nrfx/libmodules__hal_nordic__nrfx.a(nrfx_power.c.obj)
                0x00000000000076ec                nrfx_power_irq_handler
 .text.qspi_xfer
                0x000000000000775c       0xc0 modules/hal_nordic/nrfx/libmodules__hal_nordic__nrfx.a(nrfx_qspi.c.obj)
 .text.qspi_ready_wait
                0x000000000000781c       0x2c modules/hal_nordic/nrfx/libmodules__hal_nordic__nrfx.a(nrfx_qspi.c.obj)
 .text.qspi_event_xfer_handle.constprop.0
                0x0000000000007848       0x28 modules/hal_nordic/nrfx/libmodules__hal_nordic__nrfx.a(nrfx_qspi.c.obj)
 .text.nrf_gpio_cfg.constprop.0
                0x0000000000007870       0x34 modules/hal_nordic/nrfx/libmodules__hal_nordic__nrfx.a(nrfx_qspi.c.obj)
 .text.nrf_qspi_cinstrdata_get.constprop.0
                0x00000000000078a4       0x40 modules/hal_nordic/nrfx/libmodules__hal_nordic__nrfx.a(nrfx_qspi.c.obj)
 .text.nrf_qspi_cinstrdata_set.constprop.0
                0x00000000000078e4       0x64 modules/hal_nordic/nrfx/libmodules__hal_nordic__nrfx.a(nrfx_qspi.c.obj)
 .text.nrfx_qspi_init
                0x0000000000007948      0x1c8 modules/hal_nordic/nrfx/libmodules__hal_nordic__nrfx.a(nrfx_qspi.c.obj)
                0x0000000000007948                nrfx_qspi_init
 .text.nrfx_qspi_cinstr_xfer
                0x0000000000007b10       0x80 modules/hal_nordic/nrfx/libmodules__hal_nordic__nrfx.a(nrfx_qspi.c.obj)
                0x0000000000007b10                nrfx_qspi_cinstr_xfer
 .text.nrfx_qspi_mem_busy_check
                0x0000000000007b90       0x4c modules/hal_nordic/nrfx/libmodules__hal_nordic__nrfx.a(nrfx_qspi.c.obj)
                0x0000000000007b90                nrfx_qspi_mem_busy_check
 .text.nrfx_qspi_uninit
                0x0000000000007bdc       0x9c modules/hal_nordic/nrfx/libmodules__hal_nordic__nrfx.a(nrfx_qspi.c.obj)
                0x0000000000007bdc                nrfx_qspi_uninit
 .text.nrfx_qspi_erase
                0x0000000000007c78       0x64 modules/hal_nordic/nrfx/libmodules__hal_nordic__nrfx.a(nrfx_qspi.c.obj)
                0x0000000000007c78                nrfx_qspi_erase
 .text.nrfx_qspi_irq_handler
                0x0000000000007cdc       0x68 modules/hal_nordic/nrfx/libmodules__hal_nordic__nrfx.a(nrfx_qspi.c.obj)
                0x0000000000007cdc                nrfx_qspi_irq_handler
 .text.ep_state_access
                0x0000000000007d44       0x1c modules/hal_nordic/nrfx/libmodules__hal_nordic__nrfx.a(nrfx_usbd.c.obj)
 .text.ev_usbreset_handler
                0x0000000000007d60       0x34 modules/hal_nordic/nrfx/libmodules__hal_nordic__nrfx.a(nrfx_usbd.c.obj)
 .text.ev_usbevent_handler
                0x0000000000007d94       0x94 modules/hal_nordic/nrfx/libmodules__hal_nordic__nrfx.a(nrfx_usbd.c.obj)
 .text.nrfx_usbd_feeder_flash
                0x0000000000007e28       0x38 modules/hal_nordic/nrfx/libmodules__hal_nordic__nrfx.a(nrfx_usbd.c.obj)
                0x0000000000007e28                nrfx_usbd_feeder_flash
 .text.nrfx_usbd_feeder_flash_zlp
                0x0000000000007e60       0x3c modules/hal_nordic/nrfx/libmodules__hal_nordic__nrfx.a(nrfx_usbd.c.obj)
                0x0000000000007e60                nrfx_usbd_feeder_flash_zlp
 .text.ev_sof_handler
                0x0000000000007e9c       0x44 modules/hal_nordic/nrfx/libmodules__hal_nordic__nrfx.a(nrfx_usbd.c.obj)
 .text.atomic_and.constprop.0.isra.0
                0x0000000000007ee0       0x18 modules/hal_nordic/nrfx/libmodules__hal_nordic__nrfx.a(nrfx_usbd.c.obj)
 .text.nrf_usbd_epin_dma_handler
                0x0000000000007ef8       0x38 modules/hal_nordic/nrfx/libmodules__hal_nordic__nrfx.a(nrfx_usbd.c.obj)
 .text.nrf_usbd_ep0in_dma_handler
                0x0000000000007f30       0x2c modules/hal_nordic/nrfx/libmodules__hal_nordic__nrfx.a(nrfx_usbd.c.obj)
 .text.usbd_ep_data_handler
                0x0000000000007f5c       0x8c modules/hal_nordic/nrfx/libmodules__hal_nordic__nrfx.a(nrfx_usbd.c.obj)
 .text.ev_setup_data_handler
                0x0000000000007fe8       0x1c modules/hal_nordic/nrfx/libmodules__hal_nordic__nrfx.a(nrfx_usbd.c.obj)
 .text.ev_dma_epout8_handler
                0x0000000000008004       0x48 modules/hal_nordic/nrfx/libmodules__hal_nordic__nrfx.a(nrfx_usbd.c.obj)
 .text.ev_dma_epin8_handler
                0x000000000000804c       0x54 modules/hal_nordic/nrfx/libmodules__hal_nordic__nrfx.a(nrfx_usbd.c.obj)
 .text.nrfx_usbd_uninit
                0x00000000000080a0       0x14 modules/hal_nordic/nrfx/libmodules__hal_nordic__nrfx.a(nrfx_usbd.c.obj)
                0x00000000000080a0                nrfx_usbd_uninit
 .text.nrfx_usbd_enable
                0x00000000000080b4       0x6c modules/hal_nordic/nrfx/libmodules__hal_nordic__nrfx.a(nrfx_usbd.c.obj)
                0x00000000000080b4                nrfx_usbd_enable
 .text.nrfx_usbd_start
                0x0000000000008120       0x3c modules/hal_nordic/nrfx/libmodules__hal_nordic__nrfx.a(nrfx_usbd.c.obj)
                0x0000000000008120                nrfx_usbd_start
 .text.nrfx_usbd_is_initialized
                0x000000000000815c       0x10 modules/hal_nordic/nrfx/libmodules__hal_nordic__nrfx.a(nrfx_usbd.c.obj)
                0x000000000000815c                nrfx_usbd_is_initialized
 .text.nrfx_usbd_is_enabled
                0x000000000000816c       0x14 modules/hal_nordic/nrfx/libmodules__hal_nordic__nrfx.a(nrfx_usbd.c.obj)
                0x000000000000816c                nrfx_usbd_is_enabled
 .text.nrfx_usbd_init
                0x0000000000008180       0x8c modules/hal_nordic/nrfx/libmodules__hal_nordic__nrfx.a(nrfx_usbd.c.obj)
                0x0000000000008180                nrfx_usbd_init
 .text.nrfx_usbd_ep_transfer
                0x000000000000820c       0xf4 modules/hal_nordic/nrfx/libmodules__hal_nordic__nrfx.a(nrfx_usbd.c.obj)
                0x000000000000820c                nrfx_usbd_ep_transfer
 .text.nrfx_usbd_epout_size_get
                0x0000000000008300       0x28 modules/hal_nordic/nrfx/libmodules__hal_nordic__nrfx.a(nrfx_usbd.c.obj)
                0x0000000000008300                nrfx_usbd_epout_size_get
 .text.usbd_dmareq_process
                0x0000000000008328      0x170 modules/hal_nordic/nrfx/libmodules__hal_nordic__nrfx.a(nrfx_usbd.c.obj)
 .text.ev_epdata_handler
                0x0000000000008498       0x44 modules/hal_nordic/nrfx/libmodules__hal_nordic__nrfx.a(nrfx_usbd.c.obj)
 .text.nrf_usbd_epout_dma_handler
                0x00000000000084dc       0x68 modules/hal_nordic/nrfx/libmodules__hal_nordic__nrfx.a(nrfx_usbd.c.obj)
 .text.nrfx_usbd_ep_stall
                0x0000000000008544       0x10 modules/hal_nordic/nrfx/libmodules__hal_nordic__nrfx.a(nrfx_usbd.c.obj)
                0x0000000000008544                nrfx_usbd_ep_stall
 .text.nrfx_usbd_ep_stall_check
                0x0000000000008554       0x34 modules/hal_nordic/nrfx/libmodules__hal_nordic__nrfx.a(nrfx_usbd.c.obj)
                0x0000000000008554                nrfx_usbd_ep_stall_check
 .text.nrfx_usbd_ep_dtoggle_clear
                0x0000000000008588       0x18 modules/hal_nordic/nrfx/libmodules__hal_nordic__nrfx.a(nrfx_usbd.c.obj)
                0x0000000000008588                nrfx_usbd_ep_dtoggle_clear
 .text.nrfx_usbd_setup_get
                0x00000000000085a0       0x4c modules/hal_nordic/nrfx/libmodules__hal_nordic__nrfx.a(nrfx_usbd.c.obj)
                0x00000000000085a0                nrfx_usbd_setup_get
 .text.nrfx_usbd_setup_data_clear
                0x00000000000085ec       0x10 modules/hal_nordic/nrfx/libmodules__hal_nordic__nrfx.a(nrfx_usbd.c.obj)
                0x00000000000085ec                nrfx_usbd_setup_data_clear
 .text.ev_dma_epout0_handler
                0x00000000000085fc       0x58 modules/hal_nordic/nrfx/libmodules__hal_nordic__nrfx.a(nrfx_usbd.c.obj)
 .text.nrfx_usbd_setup_clear
                0x0000000000008654       0x10 modules/hal_nordic/nrfx/libmodules__hal_nordic__nrfx.a(nrfx_usbd.c.obj)
                0x0000000000008654                nrfx_usbd_setup_clear
 .text.nrfx_usbd_setup_stall
                0x0000000000008664       0x10 modules/hal_nordic/nrfx/libmodules__hal_nordic__nrfx.a(nrfx_usbd.c.obj)
                0x0000000000008664                nrfx_usbd_setup_stall
 .text.nrfx_usbd_last_setup_dir_get
                0x0000000000008674        0xc modules/hal_nordic/nrfx/libmodules__hal_nordic__nrfx.a(nrfx_usbd.c.obj)
                0x0000000000008674                nrfx_usbd_last_setup_dir_get
 .text.nrfx_usbd_transfer_out_drop
                0x0000000000008680       0x54 modules/hal_nordic/nrfx/libmodules__hal_nordic__nrfx.a(nrfx_usbd.c.obj)
                0x0000000000008680                nrfx_usbd_transfer_out_drop
 .text.usbd_ep_abort
                0x00000000000086d4       0xf4 modules/hal_nordic/nrfx/libmodules__hal_nordic__nrfx.a(nrfx_usbd.c.obj)
 .text.ev_setup_handler
                0x00000000000087c8       0x74 modules/hal_nordic/nrfx/libmodules__hal_nordic__nrfx.a(nrfx_usbd.c.obj)
 .text.nrfx_usbd_irq_handler
                0x000000000000883c       0x7c modules/hal_nordic/nrfx/libmodules__hal_nordic__nrfx.a(nrfx_usbd.c.obj)
                0x000000000000883c                nrfx_usbd_irq_handler
 .text.usbd_ep_abort_all
                0x00000000000088b8       0x50 modules/hal_nordic/nrfx/libmodules__hal_nordic__nrfx.a(nrfx_usbd.c.obj)
 .text.nrfx_usbd_stop
                0x0000000000008908       0x3c modules/hal_nordic/nrfx/libmodules__hal_nordic__nrfx.a(nrfx_usbd.c.obj)
                0x0000000000008908                nrfx_usbd_stop
 .text.nrfx_usbd_disable
                0x0000000000008944       0x34 modules/hal_nordic/nrfx/libmodules__hal_nordic__nrfx.a(nrfx_usbd.c.obj)
                0x0000000000008944                nrfx_usbd_disable
 .text.nrfx_usbd_suspend
                0x0000000000008978       0x60 modules/hal_nordic/nrfx/libmodules__hal_nordic__nrfx.a(nrfx_usbd.c.obj)
                0x0000000000008978                nrfx_usbd_suspend
 .text.nrfx_usbd_ep_disable
                0x00000000000089d8       0x50 modules/hal_nordic/nrfx/libmodules__hal_nordic__nrfx.a(nrfx_usbd.c.obj)
                0x00000000000089d8                nrfx_usbd_ep_disable
 .text.nrfx_usbd_ep_enable
                0x0000000000008a28       0xa4 modules/hal_nordic/nrfx/libmodules__hal_nordic__nrfx.a(nrfx_usbd.c.obj)
                0x0000000000008a28                nrfx_usbd_ep_enable
 .text.nrfx_usbd_ep_stall_clear
                0x0000000000008acc       0x20 modules/hal_nordic/nrfx/libmodules__hal_nordic__nrfx.a(nrfx_usbd.c.obj)
                0x0000000000008acc                nrfx_usbd_ep_stall_clear
 .text.nrfx_usbreg_enable
                0x0000000000008aec       0x10 modules/hal_nordic/nrfx/libmodules__hal_nordic__nrfx.a(nrfx_usbreg.c.obj)
                0x0000000000008aec                nrfx_usbreg_enable
 .text.nrfx_usbreg_disable
                0x0000000000008afc       0x10 modules/hal_nordic/nrfx/libmodules__hal_nordic__nrfx.a(nrfx_usbreg.c.obj)
                0x0000000000008afc                nrfx_usbreg_disable
 .text.nrfx_usbreg_uninit
                0x0000000000008b0c       0x20 modules/hal_nordic/nrfx/libmodules__hal_nordic__nrfx.a(nrfx_usbreg.c.obj)
                0x0000000000008b0c                nrfx_usbreg_uninit
 .text.nrfx_usbreg_init
                0x0000000000008b2c       0x30 modules/hal_nordic/nrfx/libmodules__hal_nordic__nrfx.a(nrfx_usbreg.c.obj)
                0x0000000000008b2c                nrfx_usbreg_init
 .text.nrfx_usbreg_irq_handler
                0x0000000000008b5c       0x50 modules/hal_nordic/nrfx/libmodules__hal_nordic__nrfx.a(nrfx_usbreg.c.obj)
                0x0000000000008b5c                nrfx_usbreg_irq_handler
 .text.z_sys_init_run_level
                0x0000000000008bac       0x40 zephyr/kernel/libkernel.a(device.c.obj)
                0x0000000000008bac                z_sys_init_run_level
 .text.bg_thread_main
                0x0000000000008bec       0x34 zephyr/kernel/libkernel.a(init.c.obj)
 .text.z_bss_zero
                0x0000000000008c20       0x18 zephyr/kernel/libkernel.a(init.c.obj)
                0x0000000000008c20                z_bss_zero
 .text.z_init_cpu
                0x0000000000008c38       0x68 zephyr/kernel/libkernel.a(init.c.obj)
                0x0000000000008c38                z_init_cpu
 .text.z_cstart
                0x0000000000008ca0       0xd4 zephyr/kernel/libkernel.a(init.c.obj)
                0x0000000000008ca0                z_cstart
 .text.init_mem_slab_module
                0x0000000000008d74       0x44 zephyr/kernel/libkernel.a(mem_slab.c.obj)
 .text.k_mem_slab_alloc
                0x0000000000008db8       0x5c zephyr/kernel/libkernel.a(mem_slab.c.obj)
                0x0000000000008db8                k_mem_slab_alloc
 .text.z_setup_new_thread
                0x0000000000008e14       0x60 zephyr/kernel/libkernel.a(thread.c.obj)
                0x0000000000008e14                z_setup_new_thread
 .text.z_impl_k_thread_create
                0x0000000000008e74       0x58 zephyr/kernel/libkernel.a(thread.c.obj)
                0x0000000000008e74                z_impl_k_thread_create
 .text.z_init_static_threads
                0x0000000000008ecc       0xb8 zephyr/kernel/libkernel.a(thread.c.obj)
                0x0000000000008ecc                z_init_static_threads
 .text.z_impl_k_mutex_lock
                0x0000000000008f84       0xf0 zephyr/kernel/libkernel.a(mutex.c.obj)
                0x0000000000008f84                z_impl_k_mutex_lock
 .text.z_impl_k_mutex_unlock
                0x0000000000009074       0x78 zephyr/kernel/libkernel.a(mutex.c.obj)
                0x0000000000009074                z_impl_k_mutex_unlock
 .text.z_impl_k_queue_get
                0x00000000000090ec       0x68 zephyr/kernel/libkernel.a(queue.c.obj)
                0x00000000000090ec                z_impl_k_queue_get
 .text.z_impl_k_sem_give
                0x0000000000009154       0x40 zephyr/kernel/libkernel.a(sem.c.obj)
                0x0000000000009154                z_impl_k_sem_give
 .text.z_impl_k_sem_take
                0x0000000000009194       0x50 zephyr/kernel/libkernel.a(sem.c.obj)
                0x0000000000009194                z_impl_k_sem_take
 .text.work_queue_main
                0x00000000000091e4      0x124 zephyr/kernel/libkernel.a(work.c.obj)
 .text.submit_to_queue_locked
                0x0000000000009308       0x9c zephyr/kernel/libkernel.a(work.c.obj)
 .text.k_work_queue_start
                0x00000000000093a4       0x70 zephyr/kernel/libkernel.a(work.c.obj)
                0x00000000000093a4                k_work_queue_start
 .text.z_reschedule
                0x0000000000009414       0x24 zephyr/kernel/libkernel.a(sched.c.obj)
                0x0000000000009414                z_reschedule
 .text.k_sched_lock
                0x0000000000009438       0x28 zephyr/kernel/libkernel.a(sched.c.obj)
                0x0000000000009438                k_sched_lock
 .text.update_cache
                0x0000000000009460       0x34 zephyr/kernel/libkernel.a(sched.c.obj)
 .text.ready_thread
                0x0000000000009494       0x6c zephyr/kernel/libkernel.a(sched.c.obj)
 .text.z_sched_start
                0x0000000000009500       0x3c zephyr/kernel/libkernel.a(sched.c.obj)
                0x0000000000009500                z_sched_start
 .text.unready_thread
                0x000000000000953c       0x30 zephyr/kernel/libkernel.a(sched.c.obj)
 .text.pend     0x000000000000956c       0x4c zephyr/kernel/libkernel.a(sched.c.obj)
 .text.z_pend_curr
                0x00000000000095b8       0x20 zephyr/kernel/libkernel.a(sched.c.obj)
                0x00000000000095b8                z_pend_curr
 .text.z_set_prio
                0x00000000000095d8       0x90 zephyr/kernel/libkernel.a(sched.c.obj)
                0x00000000000095d8                z_set_prio
 .text.z_impl_k_thread_suspend
                0x0000000000009668       0x64 zephyr/kernel/libkernel.a(sched.c.obj)
                0x0000000000009668                z_impl_k_thread_suspend
 .text.k_sched_unlock
                0x00000000000096cc       0x38 zephyr/kernel/libkernel.a(sched.c.obj)
                0x00000000000096cc                k_sched_unlock
 .text.z_sched_init
                0x0000000000009704       0x10 zephyr/kernel/libkernel.a(sched.c.obj)
                0x0000000000009704                z_sched_init
 .text.z_impl_k_yield
                0x0000000000009714       0x80 zephyr/kernel/libkernel.a(sched.c.obj)
                0x0000000000009714                z_impl_k_yield
 .text.z_tick_sleep
                0x0000000000009794       0x88 zephyr/kernel/libkernel.a(sched.c.obj)
 .text.z_impl_k_sleep
                0x000000000000981c       0x34 zephyr/kernel/libkernel.a(sched.c.obj)
                0x000000000000981c                z_impl_k_sleep
 .text.z_impl_z_current_get
                0x0000000000009850        0xc zephyr/kernel/libkernel.a(sched.c.obj)
                0x0000000000009850                z_impl_z_current_get
 .text.z_thread_abort
                0x000000000000985c       0xc0 zephyr/kernel/libkernel.a(sched.c.obj)
                0x000000000000985c                z_thread_abort
 .text.z_sched_wait
                0x000000000000991c       0x24 zephyr/kernel/libkernel.a(sched.c.obj)
                0x000000000000991c                z_sched_wait
 .text.z_data_copy
                0x0000000000009940       0x34 zephyr/kernel/libkernel.a(xip.c.obj)
                0x0000000000009940                z_data_copy
 .text.elapsed  0x0000000000009974       0x14 zephyr/kernel/libkernel.a(timeout.c.obj)
 .text.next_timeout
                0x0000000000009988       0x3c zephyr/kernel/libkernel.a(timeout.c.obj)
 .text.remove_timeout
                0x00000000000099c4       0x34 zephyr/kernel/libkernel.a(timeout.c.obj)
 .text.z_add_timeout
                0x00000000000099f8       0xe4 zephyr/kernel/libkernel.a(timeout.c.obj)
                0x00000000000099f8                z_add_timeout
 .text.sys_clock_announce
                0x0000000000009adc       0xb4 zephyr/kernel/libkernel.a(timeout.c.obj)
                0x0000000000009adc                sys_clock_announce
 .text.sys_clock_tick_get
                0x0000000000009b90       0x34 zephyr/kernel/libkernel.a(timeout.c.obj)
                0x0000000000009b90                sys_clock_tick_get
 .text.z_timer_expiration_handler
                0x0000000000009bc4       0xd4 zephyr/kernel/libkernel.a(timer.c.obj)
                0x0000000000009bc4                z_timer_expiration_handler
 .text.z_impl_k_timer_start
                0x0000000000009c98       0xa4 zephyr/kernel/libkernel.a(timer.c.obj)
                0x0000000000009c98                z_impl_k_timer_start
 .text.z_thread_aligned_alloc
                0x0000000000009d3c       0x40 zephyr/kernel/libkernel.a(mempool.c.obj)
                0x0000000000009d3c                z_thread_aligned_alloc
 .text.statics_init
                0x0000000000009d7c       0x24 zephyr/kernel/libkernel.a(kheap.c.obj)
 .text.k_sys_work_q_init
                0x0000000000009da0       0x34 zephyr/kernel/libkernel.a(system_work_q.c.obj)
 .text.nrf_cc3xx_platform_init_no_rng
                0x0000000000009dd4       0x38 C:/Users/elija/ncs/v2.1.0/nrfxlib/crypto/nrf_cc312_platform/lib/cortex-m33/soft-float/no-interrupts/libnrf_cc312_platform_0.9.15.a(nrf_cc3xx_platform.c.obj)
                0x0000000000009dd4                nrf_cc3xx_platform_init_no_rng
 .text.nrf_cc3xx_platform_abort
                0x0000000000009e0c       0x24 C:/Users/elija/ncs/v2.1.0/nrfxlib/crypto/nrf_cc312_platform/lib/cortex-m33/soft-float/no-interrupts/libnrf_cc312_platform_0.9.15.a(nrf_cc3xx_platform_abort.c.obj)
 .text.CC_PalAbort
                0x0000000000009e30       0x44 C:/Users/elija/ncs/v2.1.0/nrfxlib/crypto/nrf_cc312_platform/lib/cortex-m33/soft-float/no-interrupts/libnrf_cc312_platform_0.9.15.a(nrf_cc3xx_platform_abort.c.obj)
                0x0000000000009e30                CC_PalAbort
 .text.nrf_cc3xx_platform_set_abort
                0x0000000000009e74       0x10 C:/Users/elija/ncs/v2.1.0/nrfxlib/crypto/nrf_cc312_platform/lib/cortex-m33/soft-float/no-interrupts/libnrf_cc312_platform_0.9.15.a(nrf_cc3xx_platform_abort.c.obj)
                0x0000000000009e74                nrf_cc3xx_platform_set_abort
 .text.mutex_free
                0x0000000000009e84       0x28 C:/Users/elija/ncs/v2.1.0/nrfxlib/crypto/nrf_cc312_platform/lib/cortex-m33/soft-float/no-interrupts/libnrf_cc312_platform_0.9.15.a(nrf_cc3xx_platform_mutex.c.obj)
 .text.mutex_lock
                0x0000000000009eac       0x40 C:/Users/elija/ncs/v2.1.0/nrfxlib/crypto/nrf_cc312_platform/lib/cortex-m33/soft-float/no-interrupts/libnrf_cc312_platform_0.9.15.a(nrf_cc3xx_platform_mutex.c.obj)
 .text.mutex_unlock
                0x0000000000009eec       0x30 C:/Users/elija/ncs/v2.1.0/nrfxlib/crypto/nrf_cc312_platform/lib/cortex-m33/soft-float/no-interrupts/libnrf_cc312_platform_0.9.15.a(nrf_cc3xx_platform_mutex.c.obj)
 .text.mutex_init
                0x0000000000009f1c       0x1c C:/Users/elija/ncs/v2.1.0/nrfxlib/crypto/nrf_cc312_platform/lib/cortex-m33/soft-float/no-interrupts/libnrf_cc312_platform_0.9.15.a(nrf_cc3xx_platform_mutex.c.obj)
 .text.nrf_cc3xx_platform_set_mutexes
                0x0000000000009f38       0x68 C:/Users/elija/ncs/v2.1.0/nrfxlib/crypto/nrf_cc312_platform/lib/cortex-m33/soft-float/no-interrupts/libnrf_cc312_platform_0.9.15.a(nrf_cc3xx_platform_mutex.c.obj)
                0x0000000000009f38                nrf_cc3xx_platform_set_mutexes
 .text.mbedtls_platform_zeroize
                0x0000000000009fa0       0x14 C:/Users/elija/ncs/v2.1.0/nrfxlib/crypto/nrf_cc312_platform/lib/cortex-m33/soft-float/no-interrupts/libnrf_cc312_platform_0.9.15.a(mbedtls_common.c.obj)
                0x0000000000009fa0                mbedtls_platform_zeroize
 .text.CC_LibInitNoRng
                0x0000000000009fb4       0x28 C:/Users/elija/ncs/v2.1.0/nrfxlib/crypto/nrf_cc312_platform/lib/cortex-m33/soft-float/no-interrupts/libnrf_cc312_platform_0.9.15.a(cc_lib.c.obj)
                0x0000000000009fb4                CC_LibInitNoRng
 .text.CC_HalInit
                0x0000000000009fdc        0x4 C:/Users/elija/ncs/v2.1.0/nrfxlib/crypto/nrf_cc312_platform/lib/cortex-m33/soft-float/no-interrupts/libnrf_cc312_platform_0.9.15.a(cc_hal.c.obj)
                0x0000000000009fdc                CC_HalInit
 .text.CC_PalInit
                0x0000000000009fe0       0x5c C:/Users/elija/ncs/v2.1.0/nrfxlib/crypto/nrf_cc312_platform/lib/cortex-m33/soft-float/no-interrupts/libnrf_cc312_platform_0.9.15.a(cc_pal.c.obj)
                0x0000000000009fe0                CC_PalInit
 .text.CC_PalTerminate
                0x000000000000a03c       0x34 C:/Users/elija/ncs/v2.1.0/nrfxlib/crypto/nrf_cc312_platform/lib/cortex-m33/soft-float/no-interrupts/libnrf_cc312_platform_0.9.15.a(cc_pal.c.obj)
                0x000000000000a03c                CC_PalTerminate
 .text.CC_PalDmaInit
                0x000000000000a070        0x4 C:/Users/elija/ncs/v2.1.0/nrfxlib/crypto/nrf_cc312_platform/lib/cortex-m33/soft-float/no-interrupts/libnrf_cc312_platform_0.9.15.a(cc_pal_dma.c.obj)
                0x000000000000a070                CC_PalDmaInit
 .text.CC_PalDmaTerminate
                0x000000000000a074        0x4 C:/Users/elija/ncs/v2.1.0/nrfxlib/crypto/nrf_cc312_platform/lib/cortex-m33/soft-float/no-interrupts/libnrf_cc312_platform_0.9.15.a(cc_pal_dma.c.obj)
                0x000000000000a074                CC_PalDmaTerminate
 .text.CC_PalMutexCreate
                0x000000000000a078       0x14 C:/Users/elija/ncs/v2.1.0/nrfxlib/crypto/nrf_cc312_platform/lib/cortex-m33/soft-float/no-interrupts/libnrf_cc312_platform_0.9.15.a(cc_pal_mutex.c.obj)
                0x000000000000a078                CC_PalMutexCreate
 .text.CC_PalMutexDestroy
                0x000000000000a08c       0x14 C:/Users/elija/ncs/v2.1.0/nrfxlib/crypto/nrf_cc312_platform/lib/cortex-m33/soft-float/no-interrupts/libnrf_cc312_platform_0.9.15.a(cc_pal_mutex.c.obj)
                0x000000000000a08c                CC_PalMutexDestroy
 .text.CC_PalPowerSaveModeInit
                0x000000000000a0a0       0x3c C:/Users/elija/ncs/v2.1.0/nrfxlib/crypto/nrf_cc312_platform/lib/cortex-m33/soft-float/no-interrupts/libnrf_cc312_platform_0.9.15.a(cc_pal_pm.c.obj)
                0x000000000000a0a0                CC_PalPowerSaveModeInit
 .text.flash_device_base
                0x000000000000a0dc        0xc app/libapp.a(flash_map_extended.c.obj)
                0x000000000000a0dc                flash_device_base
 .text.flash_area_id_from_multi_image_slot
                0x000000000000a0e8       0x2a app/libapp.a(flash_map_extended.c.obj)
                0x000000000000a0e8                flash_area_id_from_multi_image_slot
 .text.flash_area_get_device_id
                0x000000000000a112        0x4 app/libapp.a(flash_map_extended.c.obj)
                0x000000000000a112                flash_area_get_device_id
 .text.bootutil_tlv_iter_begin
                0x000000000000a116       0x98 app/libapp.a(tlv.c.obj)
                0x000000000000a116                bootutil_tlv_iter_begin
 .text.bootutil_tlv_iter_next
                0x000000000000a1ae       0x96 app/libapp.a(tlv.c.obj)
                0x000000000000a1ae                bootutil_tlv_iter_next
 .text.boot_fih_memequal
                0x000000000000a244        0x4 app/libapp.a(bootutil_misc.c.obj)
                0x000000000000a244                boot_fih_memequal
 .text.boot_trailer_sz
                0x000000000000a248        0xa app/libapp.a(bootutil_misc.c.obj)
                0x000000000000a248                boot_trailer_sz
 .text.boot_status_off
                0x000000000000a252       0x16 app/libapp.a(bootutil_misc.c.obj)
                0x000000000000a252                boot_status_off
 .text.boot_initialize_area
                0x000000000000a268       0x62 app/libapp.a(loader.c.obj)
 .text.boot_read_sectors
                0x000000000000a2ca       0x56 app/libapp.a(loader.c.obj)
 .text.boot_read_image_headers
                0x000000000000a320       0x5e app/libapp.a(loader.c.obj)
 .text.boot_status_reset
                0x000000000000a37e       0x12 app/libapp.a(loader.c.obj)
                0x000000000000a37e                boot_status_reset
 .text.boot_status_is_reset
                0x000000000000a390       0x1a app/libapp.a(loader.c.obj)
                0x000000000000a390                boot_status_is_reset
 .text.boot_read_image_header
                0x000000000000a3aa       0x38 app/libapp.a(swap_scratch.c.obj)
                0x000000000000a3aa                boot_read_image_header
 .text.boot_slots_compatible
                0x000000000000a3e2       0x88 app/libapp.a(swap_scratch.c.obj)
                0x000000000000a3e2                boot_slots_compatible
 .text.crc16_itu_t
                0x000000000000a46a       0x28 zephyr/libzephyr.a(crc16_sw.c.obj)
                0x000000000000a46a                crc16_itu_t
 .text.sys_notify_validate
                0x000000000000a492       0x22 zephyr/libzephyr.a(notify.c.obj)
                0x000000000000a492                sys_notify_validate
 .text.sys_notify_finalize
                0x000000000000a4b4       0x1a zephyr/libzephyr.a(notify.c.obj)
                0x000000000000a4b4                sys_notify_finalize
 .text.sys_slist_find_and_remove
                0x000000000000a4ce       0x34 zephyr/libzephyr.a(onoff.c.obj)
 .text.process_recheck
                0x000000000000a502       0x38 zephyr/libzephyr.a(onoff.c.obj)
 .text.notify_one
                0x000000000000a53a       0x2c zephyr/libzephyr.a(onoff.c.obj)
 .text.transition_complete
                0x000000000000a566       0x1c zephyr/libzephyr.a(onoff.c.obj)
 .text.validate_args
                0x000000000000a582       0x1e zephyr/libzephyr.a(onoff.c.obj)
 .text.onoff_manager_init
                0x000000000000a5a0       0x26 zephyr/libzephyr.a(onoff.c.obj)
                0x000000000000a5a0                onoff_manager_init
 .text.onoff_request
                0x000000000000a5c6       0x92 zephyr/libzephyr.a(onoff.c.obj)
                0x000000000000a5c6                onoff_request
 .text.onoff_release
                0x000000000000a658       0x4a zephyr/libzephyr.a(onoff.c.obj)
                0x000000000000a658                onoff_release
 .text.onoff_cancel
                0x000000000000a6a2       0x38 zephyr/libzephyr.a(onoff.c.obj)
                0x000000000000a6a2                onoff_cancel
 .text.onoff_sync_lock
                0x000000000000a6da       0x16 zephyr/libzephyr.a(onoff.c.obj)
                0x000000000000a6da                onoff_sync_lock
 .text.onoff_sync_finalize
                0x000000000000a6f0       0x42 zephyr/libzephyr.a(onoff.c.obj)
                0x000000000000a6f0                onoff_sync_finalize
 .text.z_thread_entry
                0x000000000000a732       0x14 zephyr/libzephyr.a(thread_entry.c.obj)
                0x000000000000a732                z_thread_entry
 .text.chunk_field
                0x000000000000a746       0x16 zephyr/libzephyr.a(heap.c.obj)
 .text.chunk_set
                0x000000000000a75c       0x16 zephyr/libzephyr.a(heap.c.obj)
 .text.chunk_size
                0x000000000000a772        0xc zephyr/libzephyr.a(heap.c.obj)
 .text.set_chunk_used
                0x000000000000a77e       0x30 zephyr/libzephyr.a(heap.c.obj)
 .text.set_chunk_size
                0x000000000000a7ae        0x8 zephyr/libzephyr.a(heap.c.obj)
 .text.mem_to_chunkid
                0x000000000000a7b6       0x14 zephyr/libzephyr.a(heap.c.obj)
 .text.bucket_idx.isra.0
                0x000000000000a7ca       0x1c zephyr/libzephyr.a(heap.c.obj)
 .text.free_list_remove_bidx
                0x000000000000a7e6       0x5e zephyr/libzephyr.a(heap.c.obj)
 .text.free_list_remove
                0x000000000000a844       0x2e zephyr/libzephyr.a(heap.c.obj)
 .text.alloc_chunk
                0x000000000000a872       0x74 zephyr/libzephyr.a(heap.c.obj)
 .text.split_chunks
                0x000000000000a8e6       0x4e zephyr/libzephyr.a(heap.c.obj)
 .text.merge_chunks
                0x000000000000a934       0x3c zephyr/libzephyr.a(heap.c.obj)
 .text.free_list_add
                0x000000000000a970       0x86 zephyr/libzephyr.a(heap.c.obj)
 .text.free_chunk
                0x000000000000a9f6       0x84 zephyr/libzephyr.a(heap.c.obj)
 .text.sys_heap_free
                0x000000000000aa7a       0x24 zephyr/libzephyr.a(heap.c.obj)
                0x000000000000aa7a                sys_heap_free
 .text.sys_heap_alloc
                0x000000000000aa9e       0x6e zephyr/libzephyr.a(heap.c.obj)
                0x000000000000aa9e                sys_heap_alloc
 .text.sys_heap_aligned_alloc
                0x000000000000ab0c       0xf6 zephyr/libzephyr.a(heap.c.obj)
                0x000000000000ab0c                sys_heap_aligned_alloc
 .text.sys_heap_init
                0x000000000000ac02       0xa4 zephyr/libzephyr.a(heap.c.obj)
                0x000000000000ac02                sys_heap_init
 .text.ring_buf_put_claim
                0x000000000000aca6       0x3e zephyr/libzephyr.a(ring_buffer.c.obj)
                0x000000000000aca6                ring_buf_put_claim
 .text.ring_buf_put_finish
                0x000000000000ace4       0x28 zephyr/libzephyr.a(ring_buffer.c.obj)
                0x000000000000ace4                ring_buf_put_finish
 .text.ring_buf_put
                0x000000000000ad0c       0x3e zephyr/libzephyr.a(ring_buffer.c.obj)
                0x000000000000ad0c                ring_buf_put
 .text.ring_buf_get_claim
                0x000000000000ad4a       0x3e zephyr/libzephyr.a(ring_buffer.c.obj)
                0x000000000000ad4a                ring_buf_get_claim
 .text.ring_buf_get_finish
                0x000000000000ad88       0x28 zephyr/libzephyr.a(ring_buffer.c.obj)
                0x000000000000ad88                ring_buf_get_finish
 .text.ring_buf_get
                0x000000000000adb0       0x40 zephyr/libzephyr.a(ring_buffer.c.obj)
                0x000000000000adb0                ring_buf_get
 .text.sys_reboot
                0x000000000000adf0       0x1c zephyr/libzephyr.a(reboot.c.obj)
                0x000000000000adf0                sys_reboot
 .text._ConfigAbsSyms
                0x000000000000ae0c        0x2 zephyr/libzephyr.a(configs.c.obj)
                0x000000000000ae0c                _ConfigAbsSyms
 .text.usb_write
                0x000000000000ae0e       0x30 zephyr/libzephyr.a(usb_device.c.obj)
                0x000000000000ae0e                usb_write
 .text.usb_get_dev_data_by_cfg
                0x000000000000ae3e       0x16 zephyr/libzephyr.a(usb_descriptor.c.obj)
                0x000000000000ae3e                usb_get_dev_data_by_cfg
 .text.usb_get_dev_data_by_iface
                0x000000000000ae54       0x1a zephyr/libzephyr.a(usb_descriptor.c.obj)
                0x000000000000ae54                usb_get_dev_data_by_iface
 .text.usb_get_dev_data_by_ep
                0x000000000000ae6e       0x2c zephyr/libzephyr.a(usb_descriptor.c.obj)
                0x000000000000ae6e                usb_get_dev_data_by_ep
 .text.usb_transfer_is_busy
                0x000000000000ae9a       0x16 zephyr/libzephyr.a(usb_transfer.c.obj)
                0x000000000000ae9a                usb_transfer_is_busy
 .text.cdc_interface_config
                0x000000000000aeb0       0x14 zephyr/libzephyr.a(cdc_acm.c.obj)
 .text.cdc_acm_irq_callback_work_handler
                0x000000000000aec4        0x8 zephyr/libzephyr.a(cdc_acm.c.obj)
 .text.cdc_acm_irq_tx_disable
                0x000000000000aecc        0xa zephyr/libzephyr.a(cdc_acm.c.obj)
 .text.cdc_acm_irq_tx_ready
                0x000000000000aed6        0xe zephyr/libzephyr.a(cdc_acm.c.obj)
 .text.cdc_acm_irq_rx_disable
                0x000000000000aee4        0xa zephyr/libzephyr.a(cdc_acm.c.obj)
 .text.cdc_acm_irq_rx_ready
                0x000000000000aeee        0x8 zephyr/libzephyr.a(cdc_acm.c.obj)
 .text.cdc_acm_irq_is_pending
                0x000000000000aef6       0x1e zephyr/libzephyr.a(cdc_acm.c.obj)
 .text.cdc_acm_irq_update
                0x000000000000af14        0x4 zephyr/libzephyr.a(cdc_acm.c.obj)
 .text.cdc_acm_irq_callback_set
                0x000000000000af18        0x8 zephyr/libzephyr.a(cdc_acm.c.obj)
 .text.cdc_acm_line_ctrl_get
                0x000000000000af20       0x30 zephyr/libzephyr.a(cdc_acm.c.obj)
 .text.cdc_acm_configure
                0x000000000000af50        0x4 zephyr/libzephyr.a(cdc_acm.c.obj)
 .text.cdc_acm_config_get
                0x000000000000af54       0x68 zephyr/libzephyr.a(cdc_acm.c.obj)
 .text.cdc_acm_line_ctrl_set
                0x000000000000afbc       0xc4 zephyr/libzephyr.a(cdc_acm.c.obj)
 .text.cdc_acm_fifo_read
                0x000000000000b080       0x54 zephyr/libzephyr.a(cdc_acm.c.obj)
 .text.cdc_acm_poll_in
                0x000000000000b0d4       0x12 zephyr/libzephyr.a(cdc_acm.c.obj)
 .text.flash_area_close
                0x000000000000b0e6        0x2 zephyr/libzephyr.a(flash_map.c.obj)
                0x000000000000b0e6                flash_area_close
 .text.flash_area_read
                0x000000000000b0e8       0x2a zephyr/libzephyr.a(flash_map.c.obj)
                0x000000000000b0e8                flash_area_read
 .text.flash_area_write
                0x000000000000b112       0x2a zephyr/libzephyr.a(flash_map.c.obj)
                0x000000000000b112                flash_area_write
 .text.flash_area_erase
                0x000000000000b13c       0x28 zephyr/libzephyr.a(flash_map.c.obj)
                0x000000000000b13c                flash_area_erase
 .text.flash_area_align
                0x000000000000b164        0xe zephyr/libzephyr.a(flash_map.c.obj)
                0x000000000000b164                flash_area_align
 .text.flash_area_erased_val
                0x000000000000b172        0xe zephyr/libzephyr.a(flash_map.c.obj)
                0x000000000000b172                flash_area_erased_val
 .text.get_sectors_cb
                0x000000000000b180       0x3c zephyr/libzephyr.a(flash_map_layout.c.obj)
 .text.abort_function
                0x000000000000b1bc        0x8 zephyr/libzephyr.a(nrf_cc3xx_platform_abort_zephyr.c.obj)
 .text.console_write
                0x000000000000b1c4       0x1c zephyr/libzephyr.a(serial_adapter.c.obj)
                0x000000000000b1c4                console_write
 .text.erase_range
                0x000000000000b1e0       0x3c zephyr/libzephyr.a(boot_serial.c.obj)
 .text.initial_checks
                0x000000000000b21c       0x16 zephyr/libzephyr.a(zcbor_decode.c.obj)
 .text.list_map_end_decode
                0x000000000000b232       0x38 zephyr/libzephyr.a(zcbor_decode.c.obj)
 .text.type_check
                0x000000000000b26a       0x1e zephyr/libzephyr.a(zcbor_decode.c.obj)
 .text.value_extract
                0x000000000000b288       0x9e zephyr/libzephyr.a(zcbor_decode.c.obj)
 .text.str_start_decode
                0x000000000000b326       0x26 zephyr/libzephyr.a(zcbor_decode.c.obj)
 .text.list_map_start_decode
                0x000000000000b34c       0x66 zephyr/libzephyr.a(zcbor_decode.c.obj)
 .text.str_decode
                0x000000000000b3b2       0x32 zephyr/libzephyr.a(zcbor_decode.c.obj)
 .text.str_expect
                0x000000000000b3e4       0x3e zephyr/libzephyr.a(zcbor_decode.c.obj)
 .text.zcbor_int64_decode
                0x000000000000b422       0x58 zephyr/libzephyr.a(zcbor_decode.c.obj)
                0x000000000000b422                zcbor_int64_decode
 .text.zcbor_int32_decode
                0x000000000000b47a       0x36 zephyr/libzephyr.a(zcbor_decode.c.obj)
                0x000000000000b47a                zcbor_int32_decode
 .text.zcbor_bstr_decode
                0x000000000000b4b0        0x6 zephyr/libzephyr.a(zcbor_decode.c.obj)
                0x000000000000b4b0                zcbor_bstr_decode
 .text.zcbor_tstr_expect
                0x000000000000b4b6        0x6 zephyr/libzephyr.a(zcbor_decode.c.obj)
                0x000000000000b4b6                zcbor_tstr_expect
 .text.zcbor_map_start_decode
                0x000000000000b4bc       0x34 zephyr/libzephyr.a(zcbor_decode.c.obj)
                0x000000000000b4bc                zcbor_map_start_decode
 .text.zcbor_map_end_decode
                0x000000000000b4f0        0x4 zephyr/libzephyr.a(zcbor_decode.c.obj)
                0x000000000000b4f0                zcbor_map_end_decode
 .text.zcbor_list_map_end_force_decode
                0x000000000000b4f4        0xa zephyr/libzephyr.a(zcbor_decode.c.obj)
                0x000000000000b4f4                zcbor_list_map_end_force_decode
 .text.zcbor_multi_decode
                0x000000000000b4fe       0x4e zephyr/libzephyr.a(zcbor_decode.c.obj)
                0x000000000000b4fe                zcbor_multi_decode
 .text.str_encode
                0x000000000000b54c       0x6e zephyr/libzephyr.a(zcbor_encode.c.obj)
 .text.zcbor_uint64_put
                0x000000000000b5ba       0x16 zephyr/libzephyr.a(zcbor_encode.c.obj)
                0x000000000000b5ba                zcbor_uint64_put
 .text.zcbor_uint32_put
                0x000000000000b5d0        0x8 zephyr/libzephyr.a(zcbor_encode.c.obj)
                0x000000000000b5d0                zcbor_uint32_put
 .text.zcbor_tstr_encode
                0x000000000000b5d8        0x6 zephyr/libzephyr.a(zcbor_encode.c.obj)
                0x000000000000b5d8                zcbor_tstr_encode
 .text.zcbor_list_start_encode
                0x000000000000b5de       0x1e zephyr/libzephyr.a(zcbor_encode.c.obj)
                0x000000000000b5de                zcbor_list_start_encode
 .text.zcbor_map_start_encode
                0x000000000000b5fc       0x1e zephyr/libzephyr.a(zcbor_encode.c.obj)
                0x000000000000b5fc                zcbor_map_start_encode
 .text.zcbor_list_end_encode
                0x000000000000b61a       0x1e zephyr/libzephyr.a(zcbor_encode.c.obj)
                0x000000000000b61a                zcbor_list_end_encode
 .text.zcbor_map_end_encode
                0x000000000000b638       0x1e zephyr/libzephyr.a(zcbor_encode.c.obj)
                0x000000000000b638                zcbor_map_end_encode
 .text.zcbor_new_encode_state
                0x000000000000b656        0x4 zephyr/libzephyr.a(zcbor_encode.c.obj)
                0x000000000000b656                zcbor_new_encode_state
 .text.zcbor_new_backup
                0x000000000000b65a       0x34 zephyr/libzephyr.a(zcbor_common.c.obj)
                0x000000000000b65a                zcbor_new_backup
 .text.zcbor_process_backup
                0x000000000000b68e       0x68 zephyr/libzephyr.a(zcbor_common.c.obj)
                0x000000000000b68e                zcbor_process_backup
 .text.zcbor_union_start_code
                0x000000000000b6f6        0x6 zephyr/libzephyr.a(zcbor_common.c.obj)
                0x000000000000b6f6                zcbor_union_start_code
 .text.zcbor_union_elem_code
                0x000000000000b6fc        0x8 zephyr/libzephyr.a(zcbor_common.c.obj)
                0x000000000000b6fc                zcbor_union_elem_code
 .text.zcbor_union_end_code
                0x000000000000b704        0x8 zephyr/libzephyr.a(zcbor_common.c.obj)
                0x000000000000b704                zcbor_union_end_code
 .text.zcbor_new_state
                0x000000000000b70c       0x40 zephyr/libzephyr.a(zcbor_common.c.obj)
                0x000000000000b70c                zcbor_new_state
 .text.z_arm_fatal_error
                0x000000000000b74c        0x4 zephyr/arch/arch/arm/core/aarch32/libarch__arm__core__aarch32.a(fatal.c.obj)
                0x000000000000b74c                z_arm_fatal_error
 .text.z_do_kernel_oops
                0x000000000000b750        0x8 zephyr/arch/arch/arm/core/aarch32/libarch__arm__core__aarch32.a(fatal.c.obj)
                0x000000000000b750                z_do_kernel_oops
 .text.z_irq_spurious
                0x000000000000b758        0x8 zephyr/arch/arch/arm/core/aarch32/libarch__arm__core__aarch32.a(irq_manage.c.obj)
                0x000000000000b758                z_irq_spurious
 .text.z_arm_nmi
                0x000000000000b760        0xe zephyr/arch/arch/arm/core/aarch32/libarch__arm__core__aarch32.a(nmi.c.obj)
                0x000000000000b760                z_arm_nmi
 .text.configure_builtin_stack_guard
                0x000000000000b76e        0x8 zephyr/arch/arch/arm/core/aarch32/libarch__arm__core__aarch32.a(thread.c.obj)
                0x000000000000b76e                configure_builtin_stack_guard
 .text.arm_cmse_mpu_region_get
                0x000000000000b776       0x12 zephyr/arch/arch/arm/core/aarch32/cortex_m/cmse/libarch__arm__core__aarch32__cortex_m__cmse.a(arm_core_cmse.c.obj)
                0x000000000000b776                arm_cmse_mpu_region_get
 .text.mpu_configure_region
                0x000000000000b788       0x3a zephyr/arch/arch/arm/core/aarch32/mpu/libarch__arm__core__aarch32__mpu.a(arm_mpu.c.obj)
 .text.strlen   0x000000000000b7c2        0xe zephyr/lib/libc/minimal/liblib__libc__minimal.a(string.c.obj)
                0x000000000000b7c2                strlen
 .text.memcmp   0x000000000000b7d0       0x22 zephyr/lib/libc/minimal/liblib__libc__minimal.a(string.c.obj)
                0x000000000000b7d0                memcmp
 .text.memmove  0x000000000000b7f2       0x30 zephyr/lib/libc/minimal/liblib__libc__minimal.a(string.c.obj)
                0x000000000000b7f2                memmove
 .text.memcpy   0x000000000000b822       0x16 zephyr/lib/libc/minimal/liblib__libc__minimal.a(string.c.obj)
                0x000000000000b822                memcpy
 .text.memset   0x000000000000b838       0x12 zephyr/lib/libc/minimal/liblib__libc__minimal.a(string.c.obj)
                0x000000000000b838                memset
 .text.sprintf_out
                0x000000000000b84a       0x1a zephyr/lib/libc/minimal/liblib__libc__minimal.a(sprintf.c.obj)
 .text.setup    0x000000000000b864        0x4 zephyr/boards/boards/arm/thingy53_nrf5340_cpuapp/libboards__arm__thingy53_nrf5340.a(board.c.obj)
 .text.ep_ctx_reset
                0x000000000000b868       0x26 zephyr/drivers/usb/device/libdrivers__usb__device.a(usb_dc_nrfx.c.obj)
 .text.attached_evt_delay_handler
                0x000000000000b88e        0x6 zephyr/drivers/usb/device/libdrivers__usb__device.a(usb_dc_nrfx.c.obj)
 .text.k_mutex_lock.constprop.0.isra.0
                0x000000000000b894        0x4 zephyr/drivers/usb/device/libdrivers__usb__device.a(usb_dc_nrfx.c.obj)
 .text.k_mutex_unlock.isra.0
                0x000000000000b898        0x4 zephyr/drivers/usb/device/libdrivers__usb__device.a(usb_dc_nrfx.c.obj)
 .text.usb_dc_ep_check_cap
                0x000000000000b89c       0x30 zephyr/drivers/usb/device/libdrivers__usb__device.a(usb_dc_nrfx.c.obj)
                0x000000000000b89c                usb_dc_ep_check_cap
 .text.usb_dc_ep_read
                0x000000000000b8cc       0x1e zephyr/drivers/usb/device/libdrivers__usb__device.a(usb_dc_nrfx.c.obj)
                0x000000000000b8cc                usb_dc_ep_read
 .text.get_status
                0x000000000000b8ea       0x12 zephyr/drivers/clock_control/libdrivers__clock_control.a(clock_control_nrf.c.obj)
 .text.set_on_state
                0x000000000000b8fc       0x26 zephyr/drivers/clock_control/libdrivers__clock_control.a(clock_control_nrf.c.obj)
 .text.stop     0x000000000000b922       0x52 zephyr/drivers/clock_control/libdrivers__clock_control.a(clock_control_nrf.c.obj)
 .text.api_stop
                0x000000000000b974        0x6 zephyr/drivers/clock_control/libdrivers__clock_control.a(clock_control_nrf.c.obj)
 .text.async_start
                0x000000000000b97a       0x62 zephyr/drivers/clock_control/libdrivers__clock_control.a(clock_control_nrf.c.obj)
 .text.api_start
                0x000000000000b9dc        0xe zephyr/drivers/clock_control/libdrivers__clock_control.a(clock_control_nrf.c.obj)
 .text.onoff_started_callback
                0x000000000000b9ea       0x12 zephyr/drivers/clock_control/libdrivers__clock_control.a(clock_control_nrf.c.obj)
 .text.hfclkaudio_start
                0x000000000000b9fc        0x6 zephyr/drivers/clock_control/libdrivers__clock_control.a(clock_control_nrf.c.obj)
 .text.hfclk192m_start
                0x000000000000ba02        0x6 zephyr/drivers/clock_control/libdrivers__clock_control.a(clock_control_nrf.c.obj)
 .text.lfclk_start
                0x000000000000ba08        0x6 zephyr/drivers/clock_control/libdrivers__clock_control.a(clock_control_nrf.c.obj)
 .text.hfclkaudio_stop
                0x000000000000ba0e        0x6 zephyr/drivers/clock_control/libdrivers__clock_control.a(clock_control_nrf.c.obj)
 .text.hfclk192m_stop
                0x000000000000ba14        0x6 zephyr/drivers/clock_control/libdrivers__clock_control.a(clock_control_nrf.c.obj)
 .text.lfclk_stop